
> hrm-mobile@1.5.0 test
> jest

node.exe : PASS src/features/dashboard/__tests__/modulesGrid.test.tsx (7.857 s)
At line:1 char:1
+ & "C:\Program Files\nodejs/node.exe" "C:\Program Files\nodejs/node_mo ...
+ ~~~~~~~~~~~~~~~~~~~~~~~~~~~~~~~~~~~~~~~~~~~~~~~~~~~~~~~~~~~~~~~~~~~~~
    + CategoryInfo          : NotSpecified: (PASS src/featur...t.tsx (7.857 s):String) [], RemoteException
    + FullyQualifiedErrorId : NativeCommandError
 
  ● Console

    console.warn
      expo-notifications: Android Push notifications (remote notifications) functionality provided by expo-notification
s was removed from Expo Go with the release of SDK 53. Use a development build instead of Expo Go. Learn more at https:
//docs.expo.dev/develop/development-builds/introduction/.

      18 |   if (cachedModule === undefined) {
      19 |     try {
    > 20 |       cachedModule = require('expo-notifications') as NotificationsModule;
         |                      ^
      21 |     } catch {
      22 |       cachedModule = null;
      23 |     }

      at warn (node_modules/expo-notifications/src/warnOfExpoGoPushUsage.ts:14:15)
      at addPushTokenListener (node_modules/expo-notifications/src/TokenEmitter.ts:44:24)
      at Object.<anonymous> (node_modules/expo-notifications/src/DevicePushTokenAutoRegistration.fx.ts:104:23)
      at Object.require (node_modules/expo-notifications/src/getExpoPushTokenAsync.ts:5:1)
      at Object.require (node_modules/expo-notifications/src/index.ts:16:1)
      at require (src/services/notifications.ts:20:22)
      at Object.getNotifications (src/services/notifications.ts:49:3)
      at Object.require (src/auth/push.ts:8:1)
      at Object.require (src/store/authStore.ts:5:1)
      at Object.require (E:\projects\hrm\hrm-mobile\app\(tabs)../../../modules.tsx:6:1)
      at Object.require (src/features/dashboard/__tests__/modulesGrid.test.tsx:9:1)

PASS src/features/orders/__tests__/orderDetailView.test.tsx (8.17 s)
  ● Console

    console.warn
      expo-notifications: Android Push notifications (remote notifications) functionality provided by expo-notification
s was removed from Expo Go with the release of SDK 53. Use a development build instead of Expo Go. Learn more at https:
//docs.expo.dev/develop/development-builds/introduction/.

      18 |   if (cachedModule === undefined) {
      19 |     try {
    > 20 |       cachedModule = require('expo-notifications') as NotificationsModule;
         |                      ^
      21 |     } catch {
      22 |       cachedModule = null;
      23 |     }

      at warn (node_modules/expo-notifications/src/warnOfExpoGoPushUsage.ts:14:15)
      at addPushTokenListener (node_modules/expo-notifications/src/TokenEmitter.ts:44:24)
      at Object.<anonymous> (node_modules/expo-notifications/src/DevicePushTokenAutoRegistration.fx.ts:104:23)
      at Object.require (node_modules/expo-notifications/src/getExpoPushTokenAsync.ts:5:1)
      at Object.require (node_modules/expo-notifications/src/index.ts:16:1)
      at require (src/services/notifications.ts:20:22)
      at Object.getNotifications (src/services/notifications.ts:49:3)
      at Object.require (src/auth/push.ts:8:1)
      at Object.require (src/store/authStore.ts:5:1)
      at Object.<anonymous> (src/features/orders/components/OrderDetailView.tsx:15:18)
      at Object.require (src/features/orders/__tests__/orderDetailView.test.tsx:5:1)

PASS src/features/letters/__tests__/letterDetailView.test.tsx (8.261 s)
  ● Console

    console.warn
      expo-notifications: Android Push notifications (remote notifications) functionality provided by expo-notification
s was removed from Expo Go with the release of SDK 53. Use a development build instead of Expo Go. Learn more at https:
//docs.expo.dev/develop/development-builds/introduction/.

      18 |   if (cachedModule === undefined) {
      19 |     try {
    > 20 |       cachedModule = require('expo-notifications') as NotificationsModule;
         |                      ^
      21 |     } catch {
      22 |       cachedModule = null;
      23 |     }

      at warn (node_modules/expo-notifications/src/warnOfExpoGoPushUsage.ts:14:15)
      at addPushTokenListener (node_modules/expo-notifications/src/TokenEmitter.ts:44:24)
      at Object.<anonymous> (node_modules/expo-notifications/src/DevicePushTokenAutoRegistration.fx.ts:104:23)
      at Object.require (node_modules/expo-notifications/src/getExpoPushTokenAsync.ts:5:1)
      at Object.require (node_modules/expo-notifications/src/index.ts:16:1)
      at require (src/services/notifications.ts:20:22)
      at Object.getNotifications (src/services/notifications.ts:49:3)
      at Object.require (src/auth/push.ts:8:1)
      at Object.require (src/store/authStore.ts:5:1)
      at Object.<anonymous> (src/features/letters/components/LetterDetailView.tsx:15:18)
      at Object.require (src/features/letters/__tests__/letterDetailView.test.tsx:5:1)

PASS src/features/profile/screens/__tests__/ProfileScreen.test.tsx (8.554 s)
  ● Console

    console.warn
      expo-notifications: Android Push notifications (remote notifications) functionality provided by expo-notification
s was removed from Expo Go with the release of SDK 53. Use a development build instead of Expo Go. Learn more at https:
//docs.expo.dev/develop/development-builds/introduction/.

      18 |   if (cachedModule === undefined) {
      19 |     try {
    > 20 |       cachedModule = require('expo-notifications') as NotificationsModule;
         |                      ^
      21 |     } catch {
      22 |       cachedModule = null;
      23 |     }

      at warn (node_modules/expo-notifications/src/warnOfExpoGoPushUsage.ts:14:15)
      at addPushTokenListener (node_modules/expo-notifications/src/TokenEmitter.ts:44:24)
      at Object.<anonymous> (node_modules/expo-notifications/src/DevicePushTokenAutoRegistration.fx.ts:104:23)
      at Object.require (node_modules/expo-notifications/src/getExpoPushTokenAsync.ts:5:1)
      at Object.require (node_modules/expo-notifications/src/index.ts:16:1)
      at require (src/services/notifications.ts:20:22)
      at Object.getNotifications (src/services/notifications.ts:49:3)
      at Object.require (src/auth/push.ts:8:1)
      at Object.require (src/store/authStore.ts:5:1)
      at Object.require (src/features/profile/screens/__tests__/ProfileScreen.test.tsx:5:1)

PASS src/features/projects/screens/__tests__/ProjectDetailScreen.test.tsx (8.948 s)
  ● Console

    console.warn
      expo-notifications: Android Push notifications (remote notifications) functionality provided by expo-notification
s was removed from Expo Go with the release of SDK 53. Use a development build instead of Expo Go. Learn more at https:
//docs.expo.dev/develop/development-builds/introduction/.

      18 |   if (cachedModule === undefined) {
      19 |     try {
    > 20 |       cachedModule = require('expo-notifications') as NotificationsModule;
         |                      ^
      21 |     } catch {
      22 |       cachedModule = null;
      23 |     }

      at warn (node_modules/expo-notifications/src/warnOfExpoGoPushUsage.ts:14:15)
      at addPushTokenListener (node_modules/expo-notifications/src/TokenEmitter.ts:44:24)
      at Object.<anonymous> (node_modules/expo-notifications/src/DevicePushTokenAutoRegistration.fx.ts:104:23)
      at Object.require (node_modules/expo-notifications/src/getExpoPushTokenAsync.ts:5:1)
      at Object.require (node_modules/expo-notifications/src/index.ts:16:1)
      at require (src/services/notifications.ts:20:22)
      at Object.getNotifications (src/services/notifications.ts:49:3)
      at Object.require (src/auth/push.ts:8:1)
      at Object.require (src/store/authStore.ts:5:1)
      at Object.require (src/features/projects/screens/ProjectDetailScreen.tsx:10:1)
      at Object.require (src/features/projects/screens/__tests__/ProjectDetailScreen.test.tsx:15:1)

PASS src/features/visitors/__tests__/visitorsListScreen.split.test.tsx (8.789 s)
  ● Console

    console.warn
      expo-notifications: Android Push notifications (remote notifications) functionality provided by expo-notification
s was removed from Expo Go with the release of SDK 53. Use a development build instead of Expo Go. Learn more at https:
//docs.expo.dev/develop/development-builds/introduction/.

      18 |   if (cachedModule === undefined) {
      19 |     try {
    > 20 |       cachedModule = require('expo-notifications') as NotificationsModule;
         |                      ^
      21 |     } catch {
      22 |       cachedModule = null;
      23 |     }

      at warn (node_modules/expo-notifications/src/warnOfExpoGoPushUsage.ts:14:15)
      at addPushTokenListener (node_modules/expo-notifications/src/TokenEmitter.ts:44:24)
      at Object.<anonymous> (node_modules/expo-notifications/src/DevicePushTokenAutoRegistration.fx.ts:104:23)
      at Object.require (node_modules/expo-notifications/src/getExpoPushTokenAsync.ts:5:1)
      at Object.require (node_modules/expo-notifications/src/index.ts:16:1)
      at require (src/services/notifications.ts:20:22)
      at Object.getNotifications (src/services/notifications.ts:49:3)
      at Object.require (src/auth/push.ts:8:1)
      at Object.require (src/store/authStore.ts:5:1)
      at Object.require (src/features/visitors/__tests__/visitorsListScreen.split.test.tsx:6:1)

    console.error
      The current testing environment is not configured to support act(...)

      at isConcurrentActEnvironment (node_modules/react-reconciler/cjs/react-reconciler.development.js:13990:17)
      at warnIfUpdatesNotWrappedWithActDEV (node_modules/react-reconciler/cjs/react-reconciler.development.js:16304:7)
      at scheduleUpdateOnFiber (node_modules/react-reconciler/cjs/react-reconciler.development.js:14070:11)
      at Object.enqueueSetState (node_modules/react-reconciler/cjs/react-reconciler.development.js:18909:13)
      at VirtualizedList.Object.<anonymous>.process.env.NODE_ENV.Component.setState (node_modules/react/cjs/react.devel
opment.js:655:20)
      at node_modules/@babel/runtime/helpers/superPropGet.js:6:14
      at VirtualizedList.setState (node_modules/@react-native/virtualized-lists/Lists/StateSafePureComponent.js:40:7)
      at VirtualizedList.setState [as _updateCellsToRender] (node_modules/@react-native/virtualized-lists/Lists/Virtual
izedList.js:1909:10)
      at Timeout._updateCellsToRender [as _onTimeout] (node_modules/@react-native/virtualized-lists/Lists/VirtualizedLi
st.js:1806:16)

    console.error
      The current testing environment is not configured to support act(...)

      at isConcurrentActEnvironment (node_modules/react-reconciler/cjs/react-reconciler.development.js:13990:17)
      at warnIfUpdatesNotWrappedWithActDEV (node_modules/react-reconciler/cjs/react-reconciler.development.js:16304:7)
      at scheduleUpdateOnFiber (node_modules/react-reconciler/cjs/react-reconciler.development.js:14070:11)
      at forceStoreRerender (node_modules/react-reconciler/cjs/react-reconciler.development.js:5935:24)
      at node_modules/react-reconciler/cjs/react-reconciler.development.js:5920:11
      at node_modules/@tanstack/query-core/src/notifyManager.ts:73:11
      at notifyFn (node_modules/@tanstack/query-core/src/notifyManager.ts:21:5)
      at node_modules/@tanstack/query-core/src/notifyManager.ts:44:13
          at Array.forEach (<anonymous>)
      at node_modules/@tanstack/query-core/src/notifyManager.ts:43:25
      at batchNotifyFn (node_modules/@tanstack/query-core/src/notifyManager.ts:24:5)
      at Timeout._onTimeout (node_modules/@tanstack/query-core/src/notifyManager.ts:42:9)

    console.error
      The current testing environment is not configured to support act(...)

      68 |     }
      69 |     if (selectedId == null || !filtered.some((v) => v.id === selectedId)) {
    > 70 |       setSelectedId(filtered[0]?.id ?? null);
         |       ^
      71 |     }
      72 |     // eslint-disable-next-line react-hooks/exhaustive-deps
      73 |   }, [split, filtered]);

      at isConcurrentActEnvironment (node_modules/react-reconciler/cjs/react-reconciler.development.js:13990:17)
      at warnIfUpdatesNotWrappedWithActDEV (node_modules/react-reconciler/cjs/react-reconciler.development.js:16304:7)
      at scheduleUpdateOnFiber (node_modules/react-reconciler/cjs/react-reconciler.development.js:14070:11)
      at dispatchSetStateInternal (node_modules/react-reconciler/cjs/react-reconciler.development.js:6784:13)
      at dispatchSetState (node_modules/react-reconciler/cjs/react-reconciler.development.js:6741:7)
      at setSelectedId (src/features/visitors/screens/VisitorsListScreen.tsx:70:7)
      at Object.react_stack_bottom_frame (node_modules/react-reconciler/cjs/react-reconciler.development.js:17681:20)
      at runWithFiberInDEV (node_modules/react-reconciler/cjs/react-reconciler.development.js:2508:13)
      at commitHookEffectListMount (node_modules/react-reconciler/cjs/react-reconciler.development.js:10861:29)
      at commitHookPassiveMountEffects (node_modules/react-reconciler/cjs/react-reconciler.development.js:10948:11)
      at commitPassiveMountOnFiber (node_modules/react-reconciler/cjs/react-reconciler.development.js:12979:13)
      at recursivelyTraversePassiveMountEffects (node_modules/react-reconciler/cjs/react-reconciler.development.js:1293
4:11)
      at commitPassiveMountOnFiber (node_modules/react-reconciler/cjs/react-reconciler.development.js:13213:11)
      at recursivelyTraversePassiveMountEffects (node_modules/react-reconciler/cjs/react-reconciler.development.js:1293
4:11)
      at commitPassiveMountOnFiber (node_modules/react-reconciler/cjs/react-reconciler.development.js:12971:11)
      at recursivelyTraversePassiveMountEffects (node_modules/react-reconciler/cjs/react-reconciler.development.js:1293
4:11)
      at commitPassiveMountOnFiber (node_modules/react-reconciler/cjs/react-reconciler.development.js:13213:11)
      at recursivelyTraversePassiveMountEffects (node_modules/react-reconciler/cjs/react-reconciler.development.js:1293
4:11)
      at commitPassiveMountOnFiber (node_modules/react-reconciler/cjs/react-reconciler.development.js:12971:11)
      at recursivelyTraversePassiveMountEffects (node_modules/react-reconciler/cjs/react-reconciler.development.js:1293
4:11)
      at commitPassiveMountOnFiber (node_modules/react-reconciler/cjs/react-reconciler.development.js:13213:11)
      at recursivelyTraversePassiveMountEffects (node_modules/react-reconciler/cjs/react-reconciler.development.js:1293
4:11)
      at commitPassiveMountOnFiber (node_modules/react-reconciler/cjs/react-reconciler.development.js:12971:11)
      at recursivelyTraversePassiveMountEffects (node_modules/react-reconciler/cjs/react-reconciler.development.js:1293
4:11)
      at commitPassiveMountOnFiber (node_modules/react-reconciler/cjs/react-reconciler.development.js:13213:11)
      at recursivelyTraversePassiveMountEffects (node_modules/react-reconciler/cjs/react-reconciler.development.js:1293
4:11)
      at commitPassiveMountOnFiber (node_modules/react-reconciler/cjs/react-reconciler.development.js:13213:11)
      at recursivelyTraversePassiveMountEffects (node_modules/react-reconciler/cjs/react-reconciler.development.js:1293
4:11)
      at commitPassiveMountOnFiber (node_modules/react-reconciler/cjs/react-reconciler.development.js:13213:11)
      at recursivelyTraversePassiveMountEffects (node_modules/react-reconciler/cjs/react-reconciler.development.js:1293
4:11)
      at commitPassiveMountOnFiber (node_modules/react-reconciler/cjs/react-reconciler.development.js:12999:11)
      at recursivelyTraversePassiveMountEffects (node_modules/react-reconciler/cjs/react-reconciler.development.js:1293
4:11)
      at commitPassiveMountOnFiber (node_modules/react-reconciler/cjs/react-reconciler.development.js:12971:11)
      at recursivelyTraversePassiveMountEffects (node_modules/react-reconciler/cjs/react-reconciler.development.js:1293
4:11)
      at commitPassiveMountOnFiber (node_modules/react-reconciler/cjs/react-reconciler.development.js:12971:11)
      at recursivelyTraversePassiveMountEffects (node_modules/react-reconciler/cjs/react-reconciler.development.js:1293
4:11)
      at commitPassiveMountOnFiber (node_modules/react-reconciler/cjs/react-reconciler.development.js:13014:11)
      at flushPassiveEffects (node_modules/react-reconciler/cjs/react-reconciler.development.js:15982:9)
      at node_modules/react-reconciler/cjs/react-reconciler.development.js:15555:15
      at flushActQueue (node_modules/react/cjs/react.development.js:590:34)
      at node_modules/react/cjs/react.development.js:847:21

    console.error
      An update to VisitorDetailView inside a test was not wrapped in act(...).
      
      When testing, code that causes React state updates should be wrapped into act(...):
      
      act(() => {
        /* fire events that update state */
      });
      /* assert on the output */
      
      This ensures that you're testing the behavior the user would see in the browser. Learn more at https://react.dev/
link/wrap-tests-with-act

      at node_modules/react-reconciler/cjs/react-reconciler.development.js:16307:19
      at runWithFiberInDEV (node_modules/react-reconciler/cjs/react-reconciler.development.js:2508:13)
      at warnIfUpdatesNotWrappedWithActDEV (node_modules/react-reconciler/cjs/react-reconciler.development.js:16306:9)
      at scheduleUpdateOnFiber (node_modules/react-reconciler/cjs/react-reconciler.development.js:14070:11)
      at forceStoreRerender (node_modules/react-reconciler/cjs/react-reconciler.development.js:5935:24)
      at node_modules/react-reconciler/cjs/react-reconciler.development.js:5920:11
      at node_modules/@tanstack/query-core/src/notifyManager.ts:73:11
      at notifyFn (node_modules/@tanstack/query-core/src/notifyManager.ts:21:5)
      at node_modules/@tanstack/query-core/src/notifyManager.ts:44:13
          at Array.forEach (<anonymous>)
      at node_modules/@tanstack/query-core/src/notifyManager.ts:43:25
      at batchNotifyFn (node_modules/@tanstack/query-core/src/notifyManager.ts:24:5)
      at Timeout._onTimeout (node_modules/@tanstack/query-core/src/notifyManager.ts:42:9)

    console.error
      An update to VirtualizedList inside a test was not wrapped in act(...).
      
      When testing, code that causes React state updates should be wrapped into act(...):
      
      act(() => {
        /* fire events that update state */
      });
      /* assert on the output */
      
      This ensures that you're testing the behavior the user would see in the browser. Learn more at https://react.dev/
link/wrap-tests-with-act

      at node_modules/react-reconciler/cjs/react-reconciler.development.js:16307:19
      at runWithFiberInDEV (node_modules/react-reconciler/cjs/react-reconciler.development.js:2508:13)
      at warnIfUpdatesNotWrappedWithActDEV (node_modules/react-reconciler/cjs/react-reconciler.development.js:16306:9)
      at scheduleUpdateOnFiber (node_modules/react-reconciler/cjs/react-reconciler.development.js:14070:11)
      at Object.enqueueSetState (node_modules/react-reconciler/cjs/react-reconciler.development.js:18909:13)
      at VirtualizedList.Object.<anonymous>.process.env.NODE_ENV.Component.setState (node_modules/react/cjs/react.devel
opment.js:655:20)
      at node_modules/@babel/runtime/helpers/superPropGet.js:6:14
      at VirtualizedList.setState (node_modules/@react-native/virtualized-lists/Lists/StateSafePureComponent.js:40:7)
      at VirtualizedList.setState [as _updateCellsToRender] (node_modules/@react-native/virtualized-lists/Lists/Virtual
izedList.js:1909:10)
      at Timeout._updateCellsToRender [as _onTimeout] (node_modules/@react-native/virtualized-lists/Lists/VirtualizedLi
st.js:1806:16)

PASS src/features/orders/screens/__tests__/CreateOrderScreen.test.tsx (8.902 s)
  ● Console

    console.warn
      expo-notifications: Android Push notifications (remote notifications) functionality provided by expo-notification
s was removed from Expo Go with the release of SDK 53. Use a development build instead of Expo Go. Learn more at https:
//docs.expo.dev/develop/development-builds/introduction/.

      18 |   if (cachedModule === undefined) {
      19 |     try {
    > 20 |       cachedModule = require('expo-notifications') as NotificationsModule;
         |                      ^
      21 |     } catch {
      22 |       cachedModule = null;
      23 |     }

      at warn (node_modules/expo-notifications/src/warnOfExpoGoPushUsage.ts:14:15)
      at addPushTokenListener (node_modules/expo-notifications/src/TokenEmitter.ts:44:24)
      at Object.<anonymous> (node_modules/expo-notifications/src/DevicePushTokenAutoRegistration.fx.ts:104:23)
      at Object.require (node_modules/expo-notifications/src/getExpoPushTokenAsync.ts:5:1)
      at Object.require (node_modules/expo-notifications/src/index.ts:16:1)
      at require (src/services/notifications.ts:20:22)
      at Object.getNotifications (src/services/notifications.ts:49:3)
      at Object.require (src/auth/push.ts:8:1)
      at Object.require (src/store/authStore.ts:5:1)
      at Object.require (src/features/orders/screens/__tests__/CreateOrderScreen.test.tsx:12:1)

PASS src/features/letters/__tests__/lettersListScreen.split.test.tsx (9.214 s)
  ● Console

    console.warn
      expo-notifications: Android Push notifications (remote notifications) functionality provided by expo-notification
s was removed from Expo Go with the release of SDK 53. Use a development build instead of Expo Go. Learn more at https:
//docs.expo.dev/develop/development-builds/introduction/.

      18 |   if (cachedModule === undefined) {
      19 |     try {
    > 20 |       cachedModule = require('expo-notifications') as NotificationsModule;
         |                      ^
      21 |     } catch {
      22 |       cachedModule = null;
      23 |     }

      at warn (node_modules/expo-notifications/src/warnOfExpoGoPushUsage.ts:14:15)
      at addPushTokenListener (node_modules/expo-notifications/src/TokenEmitter.ts:44:24)
      at Object.<anonymous> (node_modules/expo-notifications/src/DevicePushTokenAutoRegistration.fx.ts:104:23)
      at Object.require (node_modules/expo-notifications/src/getExpoPushTokenAsync.ts:5:1)
      at Object.require (node_modules/expo-notifications/src/index.ts:16:1)
      at require (src/services/notifications.ts:20:22)
      at Object.getNotifications (src/services/notifications.ts:49:3)
      at Object.require (src/auth/push.ts:8:1)
      at Object.require (src/store/authStore.ts:5:1)
      at Object.require (src/features/letters/__tests__/lettersListScreen.split.test.tsx:6:1)

    console.error
      The current testing environment is not configured to support act(...)

       98 |     }
       99 |     if (selectedId == null || !filtered.some((l) => l.id === selectedId)) {
    > 100 |       setSelectedId(filtered[0]?.id ?? null);
          |       ^
      101 |     }
      102 |     // eslint-disable-next-line react-hooks/exhaustive-deps
      103 |   }, [split, filtered]);

      at isConcurrentActEnvironment (node_modules/react-reconciler/cjs/react-reconciler.development.js:13990:17)
      at warnIfUpdatesNotWrappedWithActDEV (node_modules/react-reconciler/cjs/react-reconciler.development.js:16304:7)
      at scheduleUpdateOnFiber (node_modules/react-reconciler/cjs/react-reconciler.development.js:14070:11)
      at dispatchSetStateInternal (node_modules/react-reconciler/cjs/react-reconciler.development.js:6784:13)
      at dispatchSetState (node_modules/react-reconciler/cjs/react-reconciler.development.js:6741:7)
      at setSelectedId (src/features/letters/screens/LettersListScreen.tsx:100:7)
      at Object.react_stack_bottom_frame (node_modules/react-reconciler/cjs/react-reconciler.development.js:17681:20)
      at runWithFiberInDEV (node_modules/react-reconciler/cjs/react-reconciler.development.js:2508:13)
      at commitHookEffectListMount (node_modules/react-reconciler/cjs/react-reconciler.development.js:10861:29)
      at commitHookPassiveMountEffects (node_modules/react-reconciler/cjs/react-reconciler.development.js:10948:11)
      at commitPassiveMountOnFiber (node_modules/react-reconciler/cjs/react-reconciler.development.js:12979:13)
      at recursivelyTraversePassiveMountEffects (node_modules/react-reconciler/cjs/react-reconciler.development.js:1293
4:11)
      at commitPassiveMountOnFiber (node_modules/react-reconciler/cjs/react-reconciler.development.js:13213:11)
      at recursivelyTraversePassiveMountEffects (node_modules/react-reconciler/cjs/react-reconciler.development.js:1293
4:11)
      at commitPassiveMountOnFiber (node_modules/react-reconciler/cjs/react-reconciler.development.js:12971:11)
      at recursivelyTraversePassiveMountEffects (node_modules/react-reconciler/cjs/react-reconciler.development.js:1293
4:11)
      at commitPassiveMountOnFiber (node_modules/react-reconciler/cjs/react-reconciler.development.js:13213:11)
      at recursivelyTraversePassiveMountEffects (node_modules/react-reconciler/cjs/react-reconciler.development.js:1293
4:11)
      at commitPassiveMountOnFiber (node_modules/react-reconciler/cjs/react-reconciler.development.js:12971:11)
      at recursivelyTraversePassiveMountEffects (node_modules/react-reconciler/cjs/react-reconciler.development.js:1293
4:11)
      at commitPassiveMountOnFiber (node_modules/react-reconciler/cjs/react-reconciler.development.js:13213:11)
      at recursivelyTraversePassiveMountEffects (node_modules/react-reconciler/cjs/react-reconciler.development.js:1293
4:11)
      at commitPassiveMountOnFiber (node_modules/react-reconciler/cjs/react-reconciler.development.js:12971:11)
      at recursivelyTraversePassiveMountEffects (node_modules/react-reconciler/cjs/react-reconciler.development.js:1293
4:11)
      at commitPassiveMountOnFiber (node_modules/react-reconciler/cjs/react-reconciler.development.js:13213:11)
      at recursivelyTraversePassiveMountEffects (node_modules/react-reconciler/cjs/react-reconciler.development.js:1293
4:11)
      at commitPassiveMountOnFiber (node_modules/react-reconciler/cjs/react-reconciler.development.js:13213:11)
      at recursivelyTraversePassiveMountEffects (node_modules/react-reconciler/cjs/react-reconciler.development.js:1293
4:11)
      at commitPassiveMountOnFiber (node_modules/react-reconciler/cjs/react-reconciler.development.js:13213:11)
      at recursivelyTraversePassiveMountEffects (node_modules/react-reconciler/cjs/react-reconciler.development.js:1293
4:11)
      at commitPassiveMountOnFiber (node_modules/react-reconciler/cjs/react-reconciler.development.js:12999:11)
      at recursivelyTraversePassiveMountEffects (node_modules/react-reconciler/cjs/react-reconciler.development.js:1293
4:11)
      at commitPassiveMountOnFiber (node_modules/react-reconciler/cjs/react-reconciler.development.js:12971:11)
      at recursivelyTraversePassiveMountEffects (node_modules/react-reconciler/cjs/react-reconciler.development.js:1293
4:11)
      at commitPassiveMountOnFiber (node_modules/react-reconciler/cjs/react-reconciler.development.js:12971:11)
      at recursivelyTraversePassiveMountEffects (node_modules/react-reconciler/cjs/react-reconciler.development.js:1293
4:11)
      at commitPassiveMountOnFiber (node_modules/react-reconciler/cjs/react-reconciler.development.js:13014:11)
      at flushPassiveEffects (node_modules/react-reconciler/cjs/react-reconciler.development.js:15982:9)
      at node_modules/react-reconciler/cjs/react-reconciler.development.js:15555:15
      at flushActQueue (node_modules/react/cjs/react.development.js:590:34)
      at node_modules/react/cjs/react.development.js:847:21

    console.error
      The current testing environment is not configured to support act(...)

       98 |     }
       99 |     if (selectedId == null || !filtered.some((l) => l.id === selectedId)) {
    > 100 |       setSelectedId(filtered[0]?.id ?? null);
          |       ^
      101 |     }
      102 |     // eslint-disable-next-line react-hooks/exhaustive-deps
      103 |   }, [split, filtered]);

      at isConcurrentActEnvironment (node_modules/react-reconciler/cjs/react-reconciler.development.js:13990:17)
      at warnIfUpdatesNotWrappedWithActDEV (node_modules/react-reconciler/cjs/react-reconciler.development.js:16304:7)
      at scheduleUpdateOnFiber (node_modules/react-reconciler/cjs/react-reconciler.development.js:14070:11)
      at dispatchSetStateInternal (node_modules/react-reconciler/cjs/react-reconciler.development.js:6784:13)
      at dispatchSetState (node_modules/react-reconciler/cjs/react-reconciler.development.js:6741:7)
      at setSelectedId (src/features/letters/screens/LettersListScreen.tsx:100:7)
      at Object.react_stack_bottom_frame (node_modules/react-reconciler/cjs/react-reconciler.development.js:17681:20)
      at runWithFiberInDEV (node_modules/react-reconciler/cjs/react-reconciler.development.js:2508:13)
      at commitHookEffectListMount (node_modules/react-reconciler/cjs/react-reconciler.development.js:10861:29)
      at commitHookPassiveMountEffects (node_modules/react-reconciler/cjs/react-reconciler.development.js:10948:11)
      at commitPassiveMountOnFiber (node_modules/react-reconciler/cjs/react-reconciler.development.js:12979:13)
      at recursivelyTraversePassiveMountEffects (node_modules/react-reconciler/cjs/react-reconciler.development.js:1293
4:11)
      at commitPassiveMountOnFiber (node_modules/react-reconciler/cjs/react-reconciler.development.js:13213:11)
      at recursivelyTraversePassiveMountEffects (node_modules/react-reconciler/cjs/react-reconciler.development.js:1293
4:11)
      at commitPassiveMountOnFiber (node_modules/react-reconciler/cjs/react-reconciler.development.js:12971:11)
      at recursivelyTraversePassiveMountEffects (node_modules/react-reconciler/cjs/react-reconciler.development.js:1293
4:11)
      at commitPassiveMountOnFiber (node_modules/react-reconciler/cjs/react-reconciler.development.js:13213:11)
      at recursivelyTraversePassiveMountEffects (node_modules/react-reconciler/cjs/react-reconciler.development.js:1293
4:11)
      at commitPassiveMountOnFiber (node_modules/react-reconciler/cjs/react-reconciler.development.js:12971:11)
      at recursivelyTraversePassiveMountEffects (node_modules/react-reconciler/cjs/react-reconciler.development.js:1293
4:11)
      at commitPassiveMountOnFiber (node_modules/react-reconciler/cjs/react-reconciler.development.js:13213:11)
      at recursivelyTraversePassiveMountEffects (node_modules/react-reconciler/cjs/react-reconciler.development.js:1293
4:11)
      at commitPassiveMountOnFiber (node_modules/react-reconciler/cjs/react-reconciler.development.js:12971:11)
      at recursivelyTraversePassiveMountEffects (node_modules/react-reconciler/cjs/react-reconciler.development.js:1293
4:11)
      at commitPassiveMountOnFiber (node_modules/react-reconciler/cjs/react-reconciler.development.js:13213:11)
      at recursivelyTraversePassiveMountEffects (node_modules/react-reconciler/cjs/react-reconciler.development.js:1293
4:11)
      at commitPassiveMountOnFiber (node_modules/react-reconciler/cjs/react-reconciler.development.js:13213:11)
      at recursivelyTraversePassiveMountEffects (node_modules/react-reconciler/cjs/react-reconciler.development.js:1293
4:11)
      at commitPassiveMountOnFiber (node_modules/react-reconciler/cjs/react-reconciler.development.js:13213:11)
      at recursivelyTraversePassiveMountEffects (node_modules/react-reconciler/cjs/react-reconciler.development.js:1293
4:11)
      at commitPassiveMountOnFiber (node_modules/react-reconciler/cjs/react-reconciler.development.js:12999:11)
      at recursivelyTraversePassiveMountEffects (node_modules/react-reconciler/cjs/react-reconciler.development.js:1293
4:11)
      at commitPassiveMountOnFiber (node_modules/react-reconciler/cjs/react-reconciler.development.js:12971:11)
      at recursivelyTraversePassiveMountEffects (node_modules/react-reconciler/cjs/react-reconciler.development.js:1293
4:11)
      at commitPassiveMountOnFiber (node_modules/react-reconciler/cjs/react-reconciler.development.js:12971:11)
      at recursivelyTraversePassiveMountEffects (node_modules/react-reconciler/cjs/react-reconciler.development.js:1293
4:11)
      at commitPassiveMountOnFiber (node_modules/react-reconciler/cjs/react-reconciler.development.js:13014:11)
      at flushPassiveEffects (node_modules/react-reconciler/cjs/react-reconciler.development.js:15982:9)
      at node_modules/react-reconciler/cjs/react-reconciler.development.js:15555:15
      at flushActQueue (node_modules/react/cjs/react.development.js:590:34)
      at node_modules/react/cjs/react.development.js:847:21

    console.error
      An update to LettersListScreen inside a test was not wrapped in act(...).
      
      When testing, code that causes React state updates should be wrapped into act(...):
      
      act(() => {
        /* fire events that update state */
      });
      /* assert on the output */
      
      This ensures that you're testing the behavior the user would see in the browser. Learn more at https://react.dev/
link/wrap-tests-with-act

      at node_modules/react-reconciler/cjs/react-reconciler.development.js:16307:19
      at runWithFiberInDEV (node_modules/react-reconciler/cjs/react-reconciler.development.js:2508:13)
      at warnIfUpdatesNotWrappedWithActDEV (node_modules/react-reconciler/cjs/react-reconciler.development.js:16306:9)
      at scheduleUpdateOnFiber (node_modules/react-reconciler/cjs/react-reconciler.development.js:14070:11)
      at forceStoreRerender (node_modules/react-reconciler/cjs/react-reconciler.development.js:5935:24)
      at node_modules/react-reconciler/cjs/react-reconciler.development.js:5920:11
      at node_modules/@tanstack/query-core/src/notifyManager.ts:73:11
      at notifyFn (node_modules/@tanstack/query-core/src/notifyManager.ts:21:5)
      at node_modules/@tanstack/query-core/src/notifyManager.ts:44:13
          at Array.forEach (<anonymous>)
      at node_modules/@tanstack/query-core/src/notifyManager.ts:43:25
      at batchNotifyFn (node_modules/@tanstack/query-core/src/notifyManager.ts:24:5)
      at Timeout._onTimeout (node_modules/@tanstack/query-core/src/notifyManager.ts:42:9)

    console.error
      An update to LettersListScreen inside a test was not wrapped in act(...).
      
      When testing, code that causes React state updates should be wrapped into act(...):
      
      act(() => {
        /* fire events that update state */
      });
      /* assert on the output */
      
      This ensures that you're testing the behavior the user would see in the browser. Learn more at https://react.dev/
link/wrap-tests-with-act

       98 |     }
       99 |     if (selectedId == null || !filtered.some((l) => l.id === selectedId)) {
    > 100 |       setSelectedId(filtered[0]?.id ?? null);
          |       ^
      101 |     }
      102 |     // eslint-disable-next-line react-hooks/exhaustive-deps
      103 |   }, [split, filtered]);

      at node_modules/react-reconciler/cjs/react-reconciler.development.js:16307:19
      at runWithFiberInDEV (node_modules/react-reconciler/cjs/react-reconciler.development.js:2508:13)
      at warnIfUpdatesNotWrappedWithActDEV (node_modules/react-reconciler/cjs/react-reconciler.development.js:16306:9)
      at scheduleUpdateOnFiber (node_modules/react-reconciler/cjs/react-reconciler.development.js:14070:11)
      at dispatchSetStateInternal (node_modules/react-reconciler/cjs/react-reconciler.development.js:6784:13)
      at dispatchSetState (node_modules/react-reconciler/cjs/react-reconciler.development.js:6741:7)
      at setSelectedId (src/features/letters/screens/LettersListScreen.tsx:100:7)
      at Object.react_stack_bottom_frame (node_modules/react-reconciler/cjs/react-reconciler.development.js:17681:20)
      at runWithFiberInDEV (node_modules/react-reconciler/cjs/react-reconciler.development.js:2508:13)
      at commitHookEffectListMount (node_modules/react-reconciler/cjs/react-reconciler.development.js:10861:29)
      at commitHookPassiveMountEffects (node_modules/react-reconciler/cjs/react-reconciler.development.js:10948:11)
      at commitPassiveMountOnFiber (node_modules/react-reconciler/cjs/react-reconciler.development.js:12979:13)
      at recursivelyTraversePassiveMountEffects (node_modules/react-reconciler/cjs/react-reconciler.development.js:1293
4:11)
      at commitPassiveMountOnFiber (node_modules/react-reconciler/cjs/react-reconciler.development.js:13213:11)
      at recursivelyTraversePassiveMountEffects (node_modules/react-reconciler/cjs/react-reconciler.development.js:1293
4:11)
      at commitPassiveMountOnFiber (node_modules/react-reconciler/cjs/react-reconciler.development.js:12971:11)
      at recursivelyTraversePassiveMountEffects (node_modules/react-reconciler/cjs/react-reconciler.development.js:1293
4:11)
      at commitPassiveMountOnFiber (node_modules/react-reconciler/cjs/react-reconciler.development.js:13213:11)
      at recursivelyTraversePassiveMountEffects (node_modules/react-reconciler/cjs/react-reconciler.development.js:1293
4:11)
      at commitPassiveMountOnFiber (node_modules/react-reconciler/cjs/react-reconciler.development.js:12971:11)
      at recursivelyTraversePassiveMountEffects (node_modules/react-reconciler/cjs/react-reconciler.development.js:1293
4:11)
      at commitPassiveMountOnFiber (node_modules/react-reconciler/cjs/react-reconciler.development.js:13213:11)
      at recursivelyTraversePassiveMountEffects (node_modules/react-reconciler/cjs/react-reconciler.development.js:1293
4:11)
      at commitPassiveMountOnFiber (node_modules/react-reconciler/cjs/react-reconciler.development.js:12971:11)
      at recursivelyTraversePassiveMountEffects (node_modules/react-reconciler/cjs/react-reconciler.development.js:1293
4:11)
      at commitPassiveMountOnFiber (node_modules/react-reconciler/cjs/react-reconciler.development.js:13213:11)
      at recursivelyTraversePassiveMountEffects (node_modules/react-reconciler/cjs/react-reconciler.development.js:1293
4:11)
      at commitPassiveMountOnFiber (node_modules/react-reconciler/cjs/react-reconciler.development.js:13213:11)
      at recursivelyTraversePassiveMountEffects (node_modules/react-reconciler/cjs/react-reconciler.development.js:1293
4:11)
      at commitPassiveMountOnFiber (node_modules/react-reconciler/cjs/react-reconciler.development.js:13213:11)
      at recursivelyTraversePassiveMountEffects (node_modules/react-reconciler/cjs/react-reconciler.development.js:1293
4:11)
      at commitPassiveMountOnFiber (node_modules/react-reconciler/cjs/react-reconciler.development.js:12999:11)
      at recursivelyTraversePassiveMountEffects (node_modules/react-reconciler/cjs/react-reconciler.development.js:1293
4:11)
      at commitPassiveMountOnFiber (node_modules/react-reconciler/cjs/react-reconciler.development.js:12971:11)
      at recursivelyTraversePassiveMountEffects (node_modules/react-reconciler/cjs/react-reconciler.development.js:1293
4:11)
      at commitPassiveMountOnFiber (node_modules/react-reconciler/cjs/react-reconciler.development.js:12971:11)
      at recursivelyTraversePassiveMountEffects (node_modules/react-reconciler/cjs/react-reconciler.development.js:1293
4:11)
      at commitPassiveMountOnFiber (node_modules/react-reconciler/cjs/react-reconciler.development.js:13014:11)
      at flushPassiveEffects (node_modules/react-reconciler/cjs/react-reconciler.development.js:15982:9)
      at flushPendingEffects (node_modules/react-reconciler/cjs/react-reconciler.development.js:15892:14)
      at flushSpawnedWork (node_modules/react-reconciler/cjs/react-reconciler.development.js:15856:44)
      at commitRoot (node_modules/react-reconciler/cjs/react-reconciler.development.js:15587:9)
      at commitRootWhenReady (node_modules/react-reconciler/cjs/react-reconciler.development.js:14467:7)
      at performWorkOnRoot (node_modules/react-reconciler/cjs/react-reconciler.development.js:14384:15)
      at performSyncWorkOnRoot (node_modules/react-reconciler/cjs/react-reconciler.development.js:3350:7)
      at flushSyncWorkAcrossRoots_impl (node_modules/react-reconciler/cjs/react-reconciler.development.js:3192:21)
      at processRootScheduleInMicrotask (node_modules/react-reconciler/cjs/react-reconciler.development.js:3231:9)
      at node_modules/react-reconciler/cjs/react-reconciler.development.js:3370:17
      at node_modules/test-renderer/src/reconciler.ts:479:7

    console.error
      An update to LetterDetailView inside a test was not wrapped in act(...).
      
      When testing, code that causes React state updates should be wrapped into act(...):
      
      act(() => {
        /* fire events that update state */
      });
      /* assert on the output */
      
      This ensures that you're testing the behavior the user would see in the browser. Learn more at https://react.dev/
link/wrap-tests-with-act

      at node_modules/react-reconciler/cjs/react-reconciler.development.js:16307:19
      at runWithFiberInDEV (node_modules/react-reconciler/cjs/react-reconciler.development.js:2508:13)
      at warnIfUpdatesNotWrappedWithActDEV (node_modules/react-reconciler/cjs/react-reconciler.development.js:16306:9)
      at scheduleUpdateOnFiber (node_modules/react-reconciler/cjs/react-reconciler.development.js:14070:11)
      at forceStoreRerender (node_modules/react-reconciler/cjs/react-reconciler.development.js:5935:24)
      at node_modules/react-reconciler/cjs/react-reconciler.development.js:5920:11
      at node_modules/@tanstack/query-core/src/notifyManager.ts:73:11
      at notifyFn (node_modules/@tanstack/query-core/src/notifyManager.ts:21:5)
      at node_modules/@tanstack/query-core/src/notifyManager.ts:44:13
          at Array.forEach (<anonymous>)
      at node_modules/@tanstack/query-core/src/notifyManager.ts:43:25
      at batchNotifyFn (node_modules/@tanstack/query-core/src/notifyManager.ts:24:5)
      at Timeout._onTimeout (node_modules/@tanstack/query-core/src/notifyManager.ts:42:9)

PASS src/features/notifications/screens/__tests__/NotificationsScreen.split.test.tsx (9.318 s)
  ● Console

    console.warn
      expo-notifications: Android Push notifications (remote notifications) functionality provided by expo-notification
s was removed from Expo Go with the release of SDK 53. Use a development build instead of Expo Go. Learn more at https:
//docs.expo.dev/develop/development-builds/introduction/.

      18 |   if (cachedModule === undefined) {
      19 |     try {
    > 20 |       cachedModule = require('expo-notifications') as NotificationsModule;
         |                      ^
      21 |     } catch {
      22 |       cachedModule = null;
      23 |     }

      at warn (node_modules/expo-notifications/src/warnOfExpoGoPushUsage.ts:14:15)
      at addPushTokenListener (node_modules/expo-notifications/src/TokenEmitter.ts:44:24)
      at Object.<anonymous> (node_modules/expo-notifications/src/DevicePushTokenAutoRegistration.fx.ts:104:23)
      at Object.require (node_modules/expo-notifications/src/getExpoPushTokenAsync.ts:5:1)
      at Object.require (node_modules/expo-notifications/src/index.ts:16:1)
      at require (src/services/notifications.ts:20:22)
      at Object.getNotifications (src/services/notifications.ts:49:3)
      at Object.require (src/auth/push.ts:8:1)
      at Object.require (src/store/authStore.ts:5:1)
      at Object.require (src/features/notifications/screens/__tests__/NotificationsScreen.split.test.tsx:6:1)

    console.error
      The current testing environment is not configured to support act(...)

      105 |     const target = targetForNotification(n);
      106 |     if (split && target) {
    > 107 |       setSelected(target);
          |       ^
      108 |       return;
      109 |     }
      110 |     const route = routeForNotification(n as any);

      at isConcurrentActEnvironment (node_modules/react-reconciler/cjs/react-reconciler.development.js:13990:17)
      at warnIfUpdatesNotWrappedWithActDEV (node_modules/react-reconciler/cjs/react-reconciler.development.js:16304:7)
      at scheduleUpdateOnFiber (node_modules/react-reconciler/cjs/react-reconciler.development.js:14070:11)
      at dispatchSetStateInternal (node_modules/react-reconciler/cjs/react-reconciler.development.js:6784:13)
      at dispatchSetState (node_modules/react-reconciler/cjs/react-reconciler.development.js:6741:7)
      at setSelected (src/features/notifications/screens/NotificationsScreen.tsx:107:7)
      at asyncGeneratorStep (node_modules/@babel/runtime/helpers/asyncToGenerator.js:3:17)
      at _next (node_modules/@babel/runtime/helpers/asyncToGenerator.js:17:9)

    console.error
      The current testing environment is not configured to support act(...)

      at isConcurrentActEnvironment (node_modules/react-reconciler/cjs/react-reconciler.development.js:13990:17)
      at warnIfUpdatesNotWrappedWithActDEV (node_modules/react-reconciler/cjs/react-reconciler.development.js:16304:7)
      at scheduleUpdateOnFiber (node_modules/react-reconciler/cjs/react-reconciler.development.js:14070:11)
      at forceStoreRerender (node_modules/react-reconciler/cjs/react-reconciler.development.js:5935:24)
      at node_modules/react-reconciler/cjs/react-reconciler.development.js:5920:11
      at node_modules/@tanstack/query-core/src/notifyManager.ts:73:11
      at notifyFn (node_modules/@tanstack/query-core/src/notifyManager.ts:21:5)
      at node_modules/@tanstack/query-core/src/notifyManager.ts:44:13
          at Array.forEach (<anonymous>)
      at node_modules/@tanstack/query-core/src/notifyManager.ts:43:25
      at batchNotifyFn (node_modules/@tanstack/query-core/src/notifyManager.ts:24:5)
      at Timeout._onTimeout (node_modules/@tanstack/query-core/src/notifyManager.ts:42:9)

    console.error
      An update to OrderDetailView inside a test was not wrapped in act(...).
      
      When testing, code that causes React state updates should be wrapped into act(...):
      
      act(() => {
        /* fire events that update state */
      });
      /* assert on the output */
      
      This ensures that you're testing the behavior the user would see in the browser. Learn more at https://react.dev/
link/wrap-tests-with-act

      at node_modules/react-reconciler/cjs/react-reconciler.development.js:16307:19
      at runWithFiberInDEV (node_modules/react-reconciler/cjs/react-reconciler.development.js:2508:13)
      at warnIfUpdatesNotWrappedWithActDEV (node_modules/react-reconciler/cjs/react-reconciler.development.js:16306:9)
      at scheduleUpdateOnFiber (node_modules/react-reconciler/cjs/react-reconciler.development.js:14070:11)
      at forceStoreRerender (node_modules/react-reconciler/cjs/react-reconciler.development.js:5935:24)
      at node_modules/react-reconciler/cjs/react-reconciler.development.js:5920:11
      at node_modules/@tanstack/query-core/src/notifyManager.ts:73:11
      at notifyFn (node_modules/@tanstack/query-core/src/notifyManager.ts:21:5)
      at node_modules/@tanstack/query-core/src/notifyManager.ts:44:13
          at Array.forEach (<anonymous>)
      at node_modules/@tanstack/query-core/src/notifyManager.ts:43:25
      at batchNotifyFn (node_modules/@tanstack/query-core/src/notifyManager.ts:24:5)
      at Timeout._onTimeout (node_modules/@tanstack/query-core/src/notifyManager.ts:42:9)

    console.error
      An update to VirtualizedList inside a test was not wrapped in act(...).
      
      When testing, code that causes React state updates should be wrapped into act(...):
      
      act(() => {
        /* fire events that update state */
      });
      /* assert on the output */
      
      This ensures that you're testing the behavior the user would see in the browser. Learn more at https://react.dev/
link/wrap-tests-with-act

      at node_modules/react-reconciler/cjs/react-reconciler.development.js:16307:19
      at runWithFiberInDEV (node_modules/react-reconciler/cjs/react-reconciler.development.js:2508:13)
      at warnIfUpdatesNotWrappedWithActDEV (node_modules/react-reconciler/cjs/react-reconciler.development.js:16306:9)
      at scheduleUpdateOnFiber (node_modules/react-reconciler/cjs/react-reconciler.development.js:14070:11)
      at Object.enqueueSetState (node_modules/react-reconciler/cjs/react-reconciler.development.js:18909:13)
      at VirtualizedList.Object.<anonymous>.process.env.NODE_ENV.Component.setState (node_modules/react/cjs/react.devel
opment.js:655:20)
      at node_modules/@babel/runtime/helpers/superPropGet.js:6:14
      at VirtualizedList.setState (node_modules/@react-native/virtualized-lists/Lists/StateSafePureComponent.js:40:7)
      at VirtualizedList.setState [as _updateCellsToRender] (node_modules/@react-native/virtualized-lists/Lists/Virtual
izedList.js:1909:10)
      at Timeout._updateCellsToRender [as _onTimeout] (node_modules/@react-native/virtualized-lists/Lists/VirtualizedLi
st.js:1806:16)

    console.error
      The current testing environment is not configured to support act(...)

      at isConcurrentActEnvironment (node_modules/react-reconciler/cjs/react-reconciler.development.js:13990:17)
      at warnIfUpdatesNotWrappedWithActDEV (node_modules/react-reconciler/cjs/react-reconciler.development.js:16304:7)
      at scheduleUpdateOnFiber (node_modules/react-reconciler/cjs/react-reconciler.development.js:14070:11)
      at forceStoreRerender (node_modules/react-reconciler/cjs/react-reconciler.development.js:5935:24)
      at node_modules/react-reconciler/cjs/react-reconciler.development.js:5920:11
      at node_modules/@tanstack/query-core/src/notifyManager.ts:73:11
      at notifyFn (node_modules/@tanstack/query-core/src/notifyManager.ts:21:5)
      at node_modules/@tanstack/query-core/src/notifyManager.ts:44:13
          at Array.forEach (<anonymous>)
      at node_modules/@tanstack/query-core/src/notifyManager.ts:43:25
      at batchNotifyFn (node_modules/@tanstack/query-core/src/notifyManager.ts:24:5)
      at Timeout._onTimeout (node_modules/@tanstack/query-core/src/notifyManager.ts:42:9)

    console.error
      The current testing environment is not configured to support act(...)

      105 |     const target = targetForNotification(n);
      106 |     if (split && target) {
    > 107 |       setSelected(target);
          |       ^
      108 |       return;
      109 |     }
      110 |     const route = routeForNotification(n as any);

      at isConcurrentActEnvironment (node_modules/react-reconciler/cjs/react-reconciler.development.js:13990:17)
      at warnIfUpdatesNotWrappedWithActDEV (node_modules/react-reconciler/cjs/react-reconciler.development.js:16304:7)
      at scheduleUpdateOnFiber (node_modules/react-reconciler/cjs/react-reconciler.development.js:14070:11)
      at dispatchSetStateInternal (node_modules/react-reconciler/cjs/react-reconciler.development.js:6784:13)
      at dispatchSetState (node_modules/react-reconciler/cjs/react-reconciler.development.js:6741:7)
      at setSelected (src/features/notifications/screens/NotificationsScreen.tsx:107:7)
      at asyncGeneratorStep (node_modules/@babel/runtime/helpers/asyncToGenerator.js:3:17)
      at _next (node_modules/@babel/runtime/helpers/asyncToGenerator.js:17:9)

    console.error
      The current testing environment is not configured to support act(...)

      at isConcurrentActEnvironment (node_modules/react-reconciler/cjs/react-reconciler.development.js:13990:17)
      at warnIfUpdatesNotWrappedWithActDEV (node_modules/react-reconciler/cjs/react-reconciler.development.js:16304:7)
      at scheduleUpdateOnFiber (node_modules/react-reconciler/cjs/react-reconciler.development.js:14070:11)
      at forceStoreRerender (node_modules/react-reconciler/cjs/react-reconciler.development.js:5935:24)
      at node_modules/react-reconciler/cjs/react-reconciler.development.js:5920:11
      at node_modules/@tanstack/query-core/src/notifyManager.ts:73:11
      at notifyFn (node_modules/@tanstack/query-core/src/notifyManager.ts:21:5)
      at node_modules/@tanstack/query-core/src/notifyManager.ts:44:13
          at Array.forEach (<anonymous>)
      at node_modules/@tanstack/query-core/src/notifyManager.ts:43:25
      at batchNotifyFn (node_modules/@tanstack/query-core/src/notifyManager.ts:24:5)
      at Timeout._onTimeout (node_modules/@tanstack/query-core/src/notifyManager.ts:42:9)

    console.error
      The current testing environment is not configured to support act(...)

      at isConcurrentActEnvironment (node_modules/react-reconciler/cjs/react-reconciler.development.js:13990:17)
      at warnIfUpdatesNotWrappedWithActDEV (node_modules/react-reconciler/cjs/react-reconciler.development.js:16304:7)
      at scheduleUpdateOnFiber (node_modules/react-reconciler/cjs/react-reconciler.development.js:14070:11)
      at forceStoreRerender (node_modules/react-reconciler/cjs/react-reconciler.development.js:5935:24)
      at node_modules/react-reconciler/cjs/react-reconciler.development.js:5920:11
      at node_modules/@tanstack/query-core/src/notifyManager.ts:73:11
      at notifyFn (node_modules/@tanstack/query-core/src/notifyManager.ts:21:5)
      at node_modules/@tanstack/query-core/src/notifyManager.ts:44:13
          at Array.forEach (<anonymous>)
      at node_modules/@tanstack/query-core/src/notifyManager.ts:43:25
      at batchNotifyFn (node_modules/@tanstack/query-core/src/notifyManager.ts:24:5)
      at Timeout._onTimeout (node_modules/@tanstack/query-core/src/notifyManager.ts:42:9)

    console.error
      An update to NotificationsScreen inside a test was not wrapped in act(...).
      
      When testing, code that causes React state updates should be wrapped into act(...):
      
      act(() => {
        /* fire events that update state */
      });
      /* assert on the output */
      
      This ensures that you're testing the behavior the user would see in the browser. Learn more at https://react.dev/
link/wrap-tests-with-act

      at node_modules/react-reconciler/cjs/react-reconciler.development.js:16307:19
      at runWithFiberInDEV (node_modules/react-reconciler/cjs/react-reconciler.development.js:2508:13)
      at warnIfUpdatesNotWrappedWithActDEV (node_modules/react-reconciler/cjs/react-reconciler.development.js:16306:9)
      at scheduleUpdateOnFiber (node_modules/react-reconciler/cjs/react-reconciler.development.js:14070:11)
      at forceStoreRerender (node_modules/react-reconciler/cjs/react-reconciler.development.js:5935:24)
      at node_modules/react-reconciler/cjs/react-reconciler.development.js:5920:11
      at node_modules/@tanstack/query-core/src/notifyManager.ts:73:11
      at notifyFn (node_modules/@tanstack/query-core/src/notifyManager.ts:21:5)
      at node_modules/@tanstack/query-core/src/notifyManager.ts:44:13
          at Array.forEach (<anonymous>)
      at node_modules/@tanstack/query-core/src/notifyManager.ts:43:25
      at batchNotifyFn (node_modules/@tanstack/query-core/src/notifyManager.ts:24:5)
      at Timeout._onTimeout (node_modules/@tanstack/query-core/src/notifyManager.ts:42:9)

PASS src/features/letters/__tests__/createLetterScreen.tabletPairing.test.tsx (10.714 s)
  ● Console

    console.warn
      expo-notifications: Android Push notifications (remote notifications) functionality provided by expo-notification
s was removed from Expo Go with the release of SDK 53. Use a development build instead of Expo Go. Learn more at https:
//docs.expo.dev/develop/development-builds/introduction/.

      18 |   if (cachedModule === undefined) {
      19 |     try {
    > 20 |       cachedModule = require('expo-notifications') as NotificationsModule;
         |                      ^
      21 |     } catch {
      22 |       cachedModule = null;
      23 |     }

      at warn (node_modules/expo-notifications/src/warnOfExpoGoPushUsage.ts:14:15)
      at addPushTokenListener (node_modules/expo-notifications/src/TokenEmitter.ts:44:24)
      at Object.<anonymous> (node_modules/expo-notifications/src/DevicePushTokenAutoRegistration.fx.ts:104:23)
      at Object.require (node_modules/expo-notifications/src/getExpoPushTokenAsync.ts:5:1)
      at Object.require (node_modules/expo-notifications/src/index.ts:16:1)
      at require (src/services/notifications.ts:20:22)
      at Object.getNotifications (src/services/notifications.ts:49:3)
      at Object.require (src/auth/push.ts:8:1)
      at Object.require (src/store/authStore.ts:5:1)
      at Object.require (src/features/letters/__tests__/createLetterScreen.tabletPairing.test.tsx:18:1)

PASS src/features/visitors/screens/__tests__/VisitorFormScreen.tabletPairing.test.tsx
  ● Console

    console.warn
      expo-notifications: Android Push notifications (remote notifications) functionality provided by expo-notification
s was removed from Expo Go with the release of SDK 53. Use a development build instead of Expo Go. Learn more at https:
//docs.expo.dev/develop/development-builds/introduction/.

      18 |   if (cachedModule === undefined) {
      19 |     try {
    > 20 |       cachedModule = require('expo-notifications') as NotificationsModule;
         |                      ^
      21 |     } catch {
      22 |       cachedModule = null;
      23 |     }

      at warn (node_modules/expo-notifications/src/warnOfExpoGoPushUsage.ts:14:15)
      at addPushTokenListener (node_modules/expo-notifications/src/TokenEmitter.ts:44:24)
      at Object.<anonymous> (node_modules/expo-notifications/src/DevicePushTokenAutoRegistration.fx.ts:104:23)
      at Object.require (node_modules/expo-notifications/src/getExpoPushTokenAsync.ts:5:1)
      at Object.require (node_modules/expo-notifications/src/index.ts:16:1)
      at require (src/services/notifications.ts:20:22)
      at Object.getNotifications (src/services/notifications.ts:49:3)
      at Object.require (src/auth/push.ts:8:1)
      at Object.require (src/store/authStore.ts:5:1)
      at Object.require (src/features/visitors/screens/__tests__/VisitorFormScreen.tabletPairing.test.tsx:11:1)

PASS src/features/dashboard/__tests__/homeBento.test.tsx
  ● Console

    console.warn
      expo-notifications: Android Push notifications (remote notifications) functionality provided by expo-notification
s was removed from Expo Go with the release of SDK 53. Use a development build instead of Expo Go. Learn more at https:
//docs.expo.dev/develop/development-builds/introduction/.

      18 |   if (cachedModule === undefined) {
      19 |     try {
    > 20 |       cachedModule = require('expo-notifications') as NotificationsModule;
         |                      ^
      21 |     } catch {
      22 |       cachedModule = null;
      23 |     }

      at warn (node_modules/expo-notifications/src/warnOfExpoGoPushUsage.ts:14:15)
      at addPushTokenListener (node_modules/expo-notifications/src/TokenEmitter.ts:44:24)
      at Object.<anonymous> (node_modules/expo-notifications/src/DevicePushTokenAutoRegistration.fx.ts:104:23)
      at Object.require (node_modules/expo-notifications/src/getExpoPushTokenAsync.ts:5:1)
      at Object.require (node_modules/expo-notifications/src/index.ts:16:1)
      at require (src/services/notifications.ts:20:22)
      at Object.getNotifications (src/services/notifications.ts:49:3)
      at Object.require (src/auth/push.ts:8:1)
      at Object.require (src/store/authStore.ts:5:1)
      at Object.require (src/features/dashboard/__tests__/homeBento.test.tsx:10:1)

    console.error
      Query data cannot be undefined. Please make sure to return a value other than undefined from your query function.
 Affected query key: ["birthdays","list",null]

      at Query.fetch (node_modules/@tanstack/query-core/src/query.ts:571:19)

    console.error
      An update to HomeScreen inside a test was not wrapped in act(...).
      
      When testing, code that causes React state updates should be wrapped into act(...):
      
      act(() => {
        /* fire events that update state */
      });
      /* assert on the output */
      
      This ensures that you're testing the behavior the user would see in the browser. Learn more at https://react.dev/
link/wrap-tests-with-act

      at node_modules/react-reconciler/cjs/react-reconciler.development.js:16307:19
      at runWithFiberInDEV (node_modules/react-reconciler/cjs/react-reconciler.development.js:2508:13)
      at warnIfUpdatesNotWrappedWithActDEV (node_modules/react-reconciler/cjs/react-reconciler.development.js:16306:9)
      at scheduleUpdateOnFiber (node_modules/react-reconciler/cjs/react-reconciler.development.js:14070:11)
      at forceStoreRerender (node_modules/react-reconciler/cjs/react-reconciler.development.js:5935:24)
      at node_modules/react-reconciler/cjs/react-reconciler.development.js:5920:11
      at node_modules/@tanstack/query-core/src/notifyManager.ts:73:11
      at notifyFn (node_modules/@tanstack/query-core/src/notifyManager.ts:21:5)
      at node_modules/@tanstack/query-core/src/notifyManager.ts:44:13
          at Array.forEach (<anonymous>)
      at node_modules/@tanstack/query-core/src/notifyManager.ts:43:25
      at batchNotifyFn (node_modules/@tanstack/query-core/src/notifyManager.ts:24:5)
      at Timeout._onTimeout (node_modules/@tanstack/query-core/src/notifyManager.ts:42:9)

    console.error
      Query data cannot be undefined. Please make sure to return a value other than undefined from your query function.
 Affected query key: ["birthdays","list",null]

      at Query.fetch (node_modules/@tanstack/query-core/src/query.ts:571:19)

    console.error
      Query data cannot be undefined. Please make sure to return a value other than undefined from your query function.
 Affected query key: ["birthdays","list",null]

      at Query.fetch (node_modules/@tanstack/query-core/src/query.ts:571:19)

PASS src/features/security/screens/__tests__/UnlockScreen.test.tsx
  ● Console

    console.warn
      expo-notifications: Android Push notifications (remote notifications) functionality provided by expo-notification
s was removed from Expo Go with the release of SDK 53. Use a development build instead of Expo Go. Learn more at https:
//docs.expo.dev/develop/development-builds/introduction/.

      18 |   if (cachedModule === undefined) {
      19 |     try {
    > 20 |       cachedModule = require('expo-notifications') as NotificationsModule;
         |                      ^
      21 |     } catch {
      22 |       cachedModule = null;
      23 |     }

      at warn (node_modules/expo-notifications/src/warnOfExpoGoPushUsage.ts:14:15)
      at addPushTokenListener (node_modules/expo-notifications/src/TokenEmitter.ts:44:24)
      at Object.<anonymous> (node_modules/expo-notifications/src/DevicePushTokenAutoRegistration.fx.ts:104:23)
      at Object.require (node_modules/expo-notifications/src/getExpoPushTokenAsync.ts:5:1)
      at Object.require (node_modules/expo-notifications/src/index.ts:16:1)
      at require (src/services/notifications.ts:20:22)
      at Object.getNotifications (src/services/notifications.ts:49:3)
      at Object.require (src/auth/push.ts:8:1)
      at Object.require (src/store/authStore.ts:5:1)
      at Object.<anonymous> (src/features/security/screens/__tests__/UnlockScreen.test.tsx:13:18)

PASS src/features/orders/screens/__tests__/OrdersListScreen.test.tsx
  ● Console

    console.warn
      expo-notifications: Android Push notifications (remote notifications) functionality provided by expo-notification
s was removed from Expo Go with the release of SDK 53. Use a development build instead of Expo Go. Learn more at https:
//docs.expo.dev/develop/development-builds/introduction/.

      18 |   if (cachedModule === undefined) {
      19 |     try {
    > 20 |       cachedModule = require('expo-notifications') as NotificationsModule;
         |                      ^
      21 |     } catch {
      22 |       cachedModule = null;
      23 |     }

      at warn (node_modules/expo-notifications/src/warnOfExpoGoPushUsage.ts:14:15)
      at addPushTokenListener (node_modules/expo-notifications/src/TokenEmitter.ts:44:24)
      at Object.<anonymous> (node_modules/expo-notifications/src/DevicePushTokenAutoRegistration.fx.ts:104:23)
      at Object.require (node_modules/expo-notifications/src/getExpoPushTokenAsync.ts:5:1)
      at Object.require (node_modules/expo-notifications/src/index.ts:16:1)
      at require (src/services/notifications.ts:20:22)
      at Object.getNotifications (src/services/notifications.ts:49:3)
      at Object.require (src/auth/push.ts:8:1)
      at Object.require (src/store/authStore.ts:5:1)
      at Object.require (src/features/orders/screens/__tests__/OrdersListScreen.test.tsx:15:1)

    console.error
      The current testing environment is not configured to support act(...)

      108 |     }
      109 |     if (selectedId == null || !filtered.some((o) => o.id === selectedId)) {
    > 110 |       setSelectedId(filtered[0]?.id ?? null);
          |       ^
      111 |     }
      112 |     // eslint-disable-next-line react-hooks/exhaustive-deps
      113 |   }, [split, filtered]);

      at isConcurrentActEnvironment (node_modules/react-reconciler/cjs/react-reconciler.development.js:13990:17)
      at warnIfUpdatesNotWrappedWithActDEV (node_modules/react-reconciler/cjs/react-reconciler.development.js:16304:7)
      at scheduleUpdateOnFiber (node_modules/react-reconciler/cjs/react-reconciler.development.js:14070:11)
      at dispatchSetStateInternal (node_modules/react-reconciler/cjs/react-reconciler.development.js:6784:13)
      at dispatchSetState (node_modules/react-reconciler/cjs/react-reconciler.development.js:6741:7)
      at setSelectedId (src/features/orders/screens/OrdersListScreen.tsx:110:7)
      at Object.react_stack_bottom_frame (node_modules/react-reconciler/cjs/react-reconciler.development.js:17681:20)
      at runWithFiberInDEV (node_modules/react-reconciler/cjs/react-reconciler.development.js:2508:13)
      at commitHookEffectListMount (node_modules/react-reconciler/cjs/react-reconciler.development.js:10861:29)
      at commitHookPassiveMountEffects (node_modules/react-reconciler/cjs/react-reconciler.development.js:10948:11)
      at commitPassiveMountOnFiber (node_modules/react-reconciler/cjs/react-reconciler.development.js:12979:13)
      at recursivelyTraversePassiveMountEffects (node_modules/react-reconciler/cjs/react-reconciler.development.js:1293
4:11)
      at commitPassiveMountOnFiber (node_modules/react-reconciler/cjs/react-reconciler.development.js:13213:11)
      at recursivelyTraversePassiveMountEffects (node_modules/react-reconciler/cjs/react-reconciler.development.js:1293
4:11)
      at commitPassiveMountOnFiber (node_modules/react-reconciler/cjs/react-reconciler.development.js:12971:11)
      at recursivelyTraversePassiveMountEffects (node_modules/react-reconciler/cjs/react-reconciler.development.js:1293
4:11)
      at commitPassiveMountOnFiber (node_modules/react-reconciler/cjs/react-reconciler.development.js:13213:11)
      at recursivelyTraversePassiveMountEffects (node_modules/react-reconciler/cjs/react-reconciler.development.js:1293
4:11)
      at commitPassiveMountOnFiber (node_modules/react-reconciler/cjs/react-reconciler.development.js:12971:11)
      at recursivelyTraversePassiveMountEffects (node_modules/react-reconciler/cjs/react-reconciler.development.js:1293
4:11)
      at commitPassiveMountOnFiber (node_modules/react-reconciler/cjs/react-reconciler.development.js:13213:11)
      at recursivelyTraversePassiveMountEffects (node_modules/react-reconciler/cjs/react-reconciler.development.js:1293
4:11)
      at commitPassiveMountOnFiber (node_modules/react-reconciler/cjs/react-reconciler.development.js:12971:11)
      at recursivelyTraversePassiveMountEffects (node_modules/react-reconciler/cjs/react-reconciler.development.js:1293
4:11)
      at commitPassiveMountOnFiber (node_modules/react-reconciler/cjs/react-reconciler.development.js:13213:11)
      at recursivelyTraversePassiveMountEffects (node_modules/react-reconciler/cjs/react-reconciler.development.js:1293
4:11)
      at commitPassiveMountOnFiber (node_modules/react-reconciler/cjs/react-reconciler.development.js:13213:11)
      at recursivelyTraversePassiveMountEffects (node_modules/react-reconciler/cjs/react-reconciler.development.js:1293
4:11)
      at commitPassiveMountOnFiber (node_modules/react-reconciler/cjs/react-reconciler.development.js:13213:11)
      at recursivelyTraversePassiveMountEffects (node_modules/react-reconciler/cjs/react-reconciler.development.js:1293
4:11)
      at commitPassiveMountOnFiber (node_modules/react-reconciler/cjs/react-reconciler.development.js:12999:11)
      at recursivelyTraversePassiveMountEffects (node_modules/react-reconciler/cjs/react-reconciler.development.js:1293
4:11)
      at commitPassiveMountOnFiber (node_modules/react-reconciler/cjs/react-reconciler.development.js:12971:11)
      at recursivelyTraversePassiveMountEffects (node_modules/react-reconciler/cjs/react-reconciler.development.js:1293
4:11)
      at commitPassiveMountOnFiber (node_modules/react-reconciler/cjs/react-reconciler.development.js:12971:11)
      at recursivelyTraversePassiveMountEffects (node_modules/react-reconciler/cjs/react-reconciler.development.js:1293
4:11)
      at commitPassiveMountOnFiber (node_modules/react-reconciler/cjs/react-reconciler.development.js:13014:11)
      at flushPassiveEffects (node_modules/react-reconciler/cjs/react-reconciler.development.js:15982:9)
      at node_modules/react-reconciler/cjs/react-reconciler.development.js:15555:15
      at flushActQueue (node_modules/react/cjs/react.development.js:590:34)
      at node_modules/react/cjs/react.development.js:847:21

    console.error
      The current testing environment is not configured to support act(...)

      108 |     }
      109 |     if (selectedId == null || !filtered.some((o) => o.id === selectedId)) {
    > 110 |       setSelectedId(filtered[0]?.id ?? null);
          |       ^
      111 |     }
      112 |     // eslint-disable-next-line react-hooks/exhaustive-deps
      113 |   }, [split, filtered]);

      at isConcurrentActEnvironment (node_modules/react-reconciler/cjs/react-reconciler.development.js:13990:17)
      at warnIfUpdatesNotWrappedWithActDEV (node_modules/react-reconciler/cjs/react-reconciler.development.js:16304:7)
      at scheduleUpdateOnFiber (node_modules/react-reconciler/cjs/react-reconciler.development.js:14070:11)
      at dispatchSetStateInternal (node_modules/react-reconciler/cjs/react-reconciler.development.js:6784:13)
      at dispatchSetState (node_modules/react-reconciler/cjs/react-reconciler.development.js:6741:7)
      at setSelectedId (src/features/orders/screens/OrdersListScreen.tsx:110:7)
      at Object.react_stack_bottom_frame (node_modules/react-reconciler/cjs/react-reconciler.development.js:17681:20)
      at runWithFiberInDEV (node_modules/react-reconciler/cjs/react-reconciler.development.js:2508:13)
      at commitHookEffectListMount (node_modules/react-reconciler/cjs/react-reconciler.development.js:10861:29)
      at commitHookPassiveMountEffects (node_modules/react-reconciler/cjs/react-reconciler.development.js:10948:11)
      at commitPassiveMountOnFiber (node_modules/react-reconciler/cjs/react-reconciler.development.js:12979:13)
      at recursivelyTraversePassiveMountEffects (node_modules/react-reconciler/cjs/react-reconciler.development.js:1293
4:11)
      at commitPassiveMountOnFiber (node_modules/react-reconciler/cjs/react-reconciler.development.js:13213:11)
      at recursivelyTraversePassiveMountEffects (node_modules/react-reconciler/cjs/react-reconciler.development.js:1293
4:11)
      at commitPassiveMountOnFiber (node_modules/react-reconciler/cjs/react-reconciler.development.js:12971:11)
      at recursivelyTraversePassiveMountEffects (node_modules/react-reconciler/cjs/react-reconciler.development.js:1293
4:11)
      at commitPassiveMountOnFiber (node_modules/react-reconciler/cjs/react-reconciler.development.js:13213:11)
      at recursivelyTraversePassiveMountEffects (node_modules/react-reconciler/cjs/react-reconciler.development.js:1293
4:11)
      at commitPassiveMountOnFiber (node_modules/react-reconciler/cjs/react-reconciler.development.js:12971:11)
      at recursivelyTraversePassiveMountEffects (node_modules/react-reconciler/cjs/react-reconciler.development.js:1293
4:11)
      at commitPassiveMountOnFiber (node_modules/react-reconciler/cjs/react-reconciler.development.js:13213:11)
      at recursivelyTraversePassiveMountEffects (node_modules/react-reconciler/cjs/react-reconciler.development.js:1293
4:11)
      at commitPassiveMountOnFiber (node_modules/react-reconciler/cjs/react-reconciler.development.js:12971:11)
      at recursivelyTraversePassiveMountEffects (node_modules/react-reconciler/cjs/react-reconciler.development.js:1293
4:11)
      at commitPassiveMountOnFiber (node_modules/react-reconciler/cjs/react-reconciler.development.js:13213:11)
      at recursivelyTraversePassiveMountEffects (node_modules/react-reconciler/cjs/react-reconciler.development.js:1293
4:11)
      at commitPassiveMountOnFiber (node_modules/react-reconciler/cjs/react-reconciler.development.js:13213:11)
      at recursivelyTraversePassiveMountEffects (node_modules/react-reconciler/cjs/react-reconciler.development.js:1293
4:11)
      at commitPassiveMountOnFiber (node_modules/react-reconciler/cjs/react-reconciler.development.js:13213:11)
      at recursivelyTraversePassiveMountEffects (node_modules/react-reconciler/cjs/react-reconciler.development.js:1293
4:11)
      at commitPassiveMountOnFiber (node_modules/react-reconciler/cjs/react-reconciler.development.js:12999:11)
      at recursivelyTraversePassiveMountEffects (node_modules/react-reconciler/cjs/react-reconciler.development.js:1293
4:11)
      at commitPassiveMountOnFiber (node_modules/react-reconciler/cjs/react-reconciler.development.js:12971:11)
      at recursivelyTraversePassiveMountEffects (node_modules/react-reconciler/cjs/react-reconciler.development.js:1293
4:11)
      at commitPassiveMountOnFiber (node_modules/react-reconciler/cjs/react-reconciler.development.js:12971:11)
      at recursivelyTraversePassiveMountEffects (node_modules/react-reconciler/cjs/react-reconciler.development.js:1293
4:11)
      at commitPassiveMountOnFiber (node_modules/react-reconciler/cjs/react-reconciler.development.js:13014:11)
      at flushPassiveEffects (node_modules/react-reconciler/cjs/react-reconciler.development.js:15982:9)
      at node_modules/react-reconciler/cjs/react-reconciler.development.js:15555:15
      at flushActQueue (node_modules/react/cjs/react.development.js:590:34)
      at node_modules/react/cjs/react.development.js:847:21

    console.error
      The current testing environment is not configured to support act(...)

      at isConcurrentActEnvironment (node_modules/react-reconciler/cjs/react-reconciler.development.js:13990:17)
      at warnIfUpdatesNotWrappedWithActDEV (node_modules/react-reconciler/cjs/react-reconciler.development.js:16304:7)
      at scheduleUpdateOnFiber (node_modules/react-reconciler/cjs/react-reconciler.development.js:14070:11)
      at forceStoreRerender (node_modules/react-reconciler/cjs/react-reconciler.development.js:5935:24)
      at node_modules/react-reconciler/cjs/react-reconciler.development.js:5920:11
      at node_modules/@tanstack/query-core/src/notifyManager.ts:73:11
      at notifyFn (node_modules/@tanstack/query-core/src/notifyManager.ts:21:5)
      at node_modules/@tanstack/query-core/src/notifyManager.ts:44:13
          at Array.forEach (<anonymous>)
      at node_modules/@tanstack/query-core/src/notifyManager.ts:43:25
      at batchNotifyFn (node_modules/@tanstack/query-core/src/notifyManager.ts:24:5)
      at Timeout._onTimeout (node_modules/@tanstack/query-core/src/notifyManager.ts:42:9)

PASS src/features/security/screens/__tests__/ChangePinScreen.test.tsx
  ● Console

    console.warn
      expo-notifications: Android Push notifications (remote notifications) functionality provided by expo-notification
s was removed from Expo Go with the release of SDK 53. Use a development build instead of Expo Go. Learn more at https:
//docs.expo.dev/develop/development-builds/introduction/.

      18 |   if (cachedModule === undefined) {
      19 |     try {
    > 20 |       cachedModule = require('expo-notifications') as NotificationsModule;
         |                      ^
      21 |     } catch {
      22 |       cachedModule = null;
      23 |     }

      at warn (node_modules/expo-notifications/src/warnOfExpoGoPushUsage.ts:14:15)
      at addPushTokenListener (node_modules/expo-notifications/src/TokenEmitter.ts:44:24)
      at Object.<anonymous> (node_modules/expo-notifications/src/DevicePushTokenAutoRegistration.fx.ts:104:23)
      at Object.require (node_modules/expo-notifications/src/getExpoPushTokenAsync.ts:5:1)
      at Object.require (node_modules/expo-notifications/src/index.ts:16:1)
      at require (src/services/notifications.ts:20:22)
      at Object.getNotifications (src/services/notifications.ts:49:3)
      at Object.require (src/auth/push.ts:8:1)
      at Object.require (src/store/authStore.ts:5:1)
      at Object.<anonymous> (src/features/security/screens/__tests__/ChangePinScreen.test.tsx:20:18)

PASS src/features/leaves/screens/__tests__/CreateLeaveScreen.tabletPairing.test.tsx
  ● Console

    console.warn
      expo-notifications: Android Push notifications (remote notifications) functionality provided by expo-notification
s was removed from Expo Go with the release of SDK 53. Use a development build instead of Expo Go. Learn more at https:
//docs.expo.dev/develop/development-builds/introduction/.

      18 |   if (cachedModule === undefined) {
      19 |     try {
    > 20 |       cachedModule = require('expo-notifications') as NotificationsModule;
         |                      ^
      21 |     } catch {
      22 |       cachedModule = null;
      23 |     }

      at warn (node_modules/expo-notifications/src/warnOfExpoGoPushUsage.ts:14:15)
      at addPushTokenListener (node_modules/expo-notifications/src/TokenEmitter.ts:44:24)
      at Object.<anonymous> (node_modules/expo-notifications/src/DevicePushTokenAutoRegistration.fx.ts:104:23)
      at Object.require (node_modules/expo-notifications/src/getExpoPushTokenAsync.ts:5:1)
      at Object.require (node_modules/expo-notifications/src/index.ts:16:1)
      at require (src/services/notifications.ts:20:22)
      at Object.getNotifications (src/services/notifications.ts:49:3)
      at Object.require (src/auth/push.ts:8:1)
      at Object.require (src/store/authStore.ts:5:1)
      at Object.require (src/features/leaves/screens/__tests__/CreateLeaveScreen.tabletPairing.test.tsx:11:1)

PASS src/features/security/screens/__tests__/PinSetupScreen.test.tsx
PASS src/auth/__tests__/bootstrap.test.ts
  ● Console

    console.warn
      expo-notifications: Android Push notifications (remote notifications) functionality provided by expo-notification
s was removed from Expo Go with the release of SDK 53. Use a development build instead of Expo Go. Learn more at https:
//docs.expo.dev/develop/development-builds/introduction/.

      18 |   if (cachedModule === undefined) {
      19 |     try {
    > 20 |       cachedModule = require('expo-notifications') as NotificationsModule;
         |                      ^
      21 |     } catch {
      22 |       cachedModule = null;
      23 |     }

      at warn (node_modules/expo-notifications/src/warnOfExpoGoPushUsage.ts:14:15)
      at addPushTokenListener (node_modules/expo-notifications/src/TokenEmitter.ts:44:24)
      at Object.<anonymous> (node_modules/expo-notifications/src/DevicePushTokenAutoRegistration.fx.ts:104:23)
      at Object.require (node_modules/expo-notifications/src/getExpoPushTokenAsync.ts:5:1)
      at Object.require (node_modules/expo-notifications/src/index.ts:16:1)
      at require (src/services/notifications.ts:20:22)
      at Object.getNotifications (src/services/notifications.ts:49:3)
      at Object.require (src/auth/push.ts:8:1)
      at Object.require (src/store/authStore.ts:5:1)
      at Object.require (src/auth/__tests__/bootstrap.test.ts:6:1)

PASS src/services/__tests__/notifications.test.ts
  ● Console

    console.warn
      expo-notifications: Android Push notifications (remote notifications) functionality provided by expo-notification
s was removed from Expo Go with the release of SDK 53. Use a development build instead of Expo Go. Learn more at https:
//docs.expo.dev/develop/development-builds/introduction/.

      18 |   if (cachedModule === undefined) {
      19 |     try {
    > 20 |       cachedModule = require('expo-notifications') as NotificationsModule;
         |                      ^
      21 |     } catch {
      22 |       cachedModule = null;
      23 |     }

      at warn (node_modules/expo-notifications/src/warnOfExpoGoPushUsage.ts:14:15)
      at addPushTokenListener (node_modules/expo-notifications/src/TokenEmitter.ts:44:24)
      at Object.<anonymous> (node_modules/expo-notifications/src/DevicePushTokenAutoRegistration.fx.ts:104:23)
      at Object.require (node_modules/expo-notifications/src/getExpoPushTokenAsync.ts:5:1)
      at Object.require (node_modules/expo-notifications/src/index.ts:16:1)
      at require (src/services/notifications.ts:20:22)
      at Object.getNotifications (src/services/notifications.ts:49:3)
      at Object.require (src/services/__tests__/notifications.test.ts:6:1)

PASS src/features/visitors/__tests__/visitorDetailView.test.tsx
PASS src/features/profile/api/__tests__/mutations.test.ts
  ● Console

    console.warn
      expo-notifications: Android Push notifications (remote notifications) functionality provided by expo-notification
s was removed from Expo Go with the release of SDK 53. Use a development build instead of Expo Go. Learn more at https:
//docs.expo.dev/develop/development-builds/introduction/.

      18 |   if (cachedModule === undefined) {
      19 |     try {
    > 20 |       cachedModule = require('expo-notifications') as NotificationsModule;
         |                      ^
      21 |     } catch {
      22 |       cachedModule = null;
      23 |     }

      at warn (node_modules/expo-notifications/src/warnOfExpoGoPushUsage.ts:14:15)
      at addPushTokenListener (node_modules/expo-notifications/src/TokenEmitter.ts:44:24)
      at Object.<anonymous> (node_modules/expo-notifications/src/DevicePushTokenAutoRegistration.fx.ts:104:23)
      at Object.require (node_modules/expo-notifications/src/getExpoPushTokenAsync.ts:5:1)
      at Object.require (node_modules/expo-notifications/src/index.ts:16:1)
      at require (src/services/notifications.ts:20:22)
      at Object.getNotifications (src/services/notifications.ts:49:3)
      at Object.require (src/auth/push.ts:8:1)
      at Object.require (src/store/authStore.ts:5:1)
      at Object.<anonymous> (src/features/profile/api/mutations.ts:13:18)
      at Object.require (src/features/profile/api/__tests__/mutations.test.ts:4:1)

PASS src/features/leaves/api/__tests__/mutations.test.ts
PASS src/features/assistant/api/__tests__/queries.test.ts
PASS src/features/security/components/__tests__/PinPad.test.tsx
PASS src/components/__tests__/NavRail.test.tsx (12.489 s)
  ● Console

    console.warn
      expo-notifications: Android Push notifications (remote notifications) functionality provided by expo-notification
s was removed from Expo Go with the release of SDK 53. Use a development build instead of Expo Go. Learn more at https:
//docs.expo.dev/develop/development-builds/introduction/.

      18 |   if (cachedModule === undefined) {
      19 |     try {
    > 20 |       cachedModule = require('expo-notifications') as NotificationsModule;
         |                      ^
      21 |     } catch {
      22 |       cachedModule = null;
      23 |     }

      at warn (node_modules/expo-notifications/src/warnOfExpoGoPushUsage.ts:14:15)
      at addPushTokenListener (node_modules/expo-notifications/src/TokenEmitter.ts:44:24)
      at Object.<anonymous> (node_modules/expo-notifications/src/DevicePushTokenAutoRegistration.fx.ts:104:23)
      at Object.require (node_modules/expo-notifications/src/getExpoPushTokenAsync.ts:5:1)
      at Object.require (node_modules/expo-notifications/src/index.ts:16:1)
      at require (src/services/notifications.ts:20:22)
      at Object.getNotifications (src/services/notifications.ts:49:3)
      at Object.require (src/auth/push.ts:8:1)
      at Object.require (src/store/authStore.ts:5:1)
      at Object.require (src/components/NavRail.tsx:12:1)
      at Object.require (src/components/__tests__/NavRail.test.tsx:3:1)

    console.error
      An update to NavRail inside a test was not wrapped in act(...).
      
      When testing, code that causes React state updates should be wrapped into act(...):
      
      act(() => {
        /* fire events that update state */
      });
      /* assert on the output */
      
      This ensures that you're testing the behavior the user would see in the browser. Learn more at https://react.dev/
link/wrap-tests-with-act

      at node_modules/react-reconciler/cjs/react-reconciler.development.js:16307:19
      at runWithFiberInDEV (node_modules/react-reconciler/cjs/react-reconciler.development.js:2508:13)
      at warnIfUpdatesNotWrappedWithActDEV (node_modules/react-reconciler/cjs/react-reconciler.development.js:16306:9)
      at scheduleUpdateOnFiber (node_modules/react-reconciler/cjs/react-reconciler.development.js:14070:11)
      at forceStoreRerender (node_modules/react-reconciler/cjs/react-reconciler.development.js:5935:24)
      at node_modules/react-reconciler/cjs/react-reconciler.development.js:5920:11
      at node_modules/@tanstack/query-core/src/notifyManager.ts:73:11
      at notifyFn (node_modules/@tanstack/query-core/src/notifyManager.ts:21:5)
      at node_modules/@tanstack/query-core/src/notifyManager.ts:44:13
          at Array.forEach (<anonymous>)
      at node_modules/@tanstack/query-core/src/notifyManager.ts:43:25
      at batchNotifyFn (node_modules/@tanstack/query-core/src/notifyManager.ts:24:5)
      at Timeout._onTimeout (node_modules/@tanstack/query-core/src/notifyManager.ts:42:9)

    console.error
      An update to NavRail inside a test was not wrapped in act(...).
      
      When testing, code that causes React state updates should be wrapped into act(...):
      
      act(() => {
        /* fire events that update state */
      });
      /* assert on the output */
      
      This ensures that you're testing the behavior the user would see in the browser. Learn more at https://react.dev/
link/wrap-tests-with-act

      at node_modules/react-reconciler/cjs/react-reconciler.development.js:16307:19
      at runWithFiberInDEV (node_modules/react-reconciler/cjs/react-reconciler.development.js:2508:13)
      at warnIfUpdatesNotWrappedWithActDEV (node_modules/react-reconciler/cjs/react-reconciler.development.js:16306:9)
      at scheduleUpdateOnFiber (node_modules/react-reconciler/cjs/react-reconciler.development.js:14070:11)
      at forceStoreRerender (node_modules/react-reconciler/cjs/react-reconciler.development.js:5935:24)
      at node_modules/react-reconciler/cjs/react-reconciler.development.js:5920:11
      at node_modules/@tanstack/query-core/src/notifyManager.ts:73:11
      at notifyFn (node_modules/@tanstack/query-core/src/notifyManager.ts:21:5)
      at node_modules/@tanstack/query-core/src/notifyManager.ts:44:13
          at Array.forEach (<anonymous>)
      at node_modules/@tanstack/query-core/src/notifyManager.ts:43:25
      at batchNotifyFn (node_modules/@tanstack/query-core/src/notifyManager.ts:24:5)
      at Timeout._onTimeout (node_modules/@tanstack/query-core/src/notifyManager.ts:42:9)

    console.error
      An update to NavRail inside a test was not wrapped in act(...).
      
      When testing, code that causes React state updates should be wrapped into act(...):
      
      act(() => {
        /* fire events that update state */
      });
      /* assert on the output */
      
      This ensures that you're testing the behavior the user would see in the browser. Learn more at https://react.dev/
link/wrap-tests-with-act

      at node_modules/react-reconciler/cjs/react-reconciler.development.js:16307:19
      at runWithFiberInDEV (node_modules/react-reconciler/cjs/react-reconciler.development.js:2508:13)
      at warnIfUpdatesNotWrappedWithActDEV (node_modules/react-reconciler/cjs/react-reconciler.development.js:16306:9)
      at scheduleUpdateOnFiber (node_modules/react-reconciler/cjs/react-reconciler.development.js:14070:11)
      at forceStoreRerender (node_modules/react-reconciler/cjs/react-reconciler.development.js:5935:24)
      at node_modules/react-reconciler/cjs/react-reconciler.development.js:5920:11
      at node_modules/@tanstack/query-core/src/notifyManager.ts:73:11
      at notifyFn (node_modules/@tanstack/query-core/src/notifyManager.ts:21:5)
      at node_modules/@tanstack/query-core/src/notifyManager.ts:44:13
          at Array.forEach (<anonymous>)
      at node_modules/@tanstack/query-core/src/notifyManager.ts:43:25
      at batchNotifyFn (node_modules/@tanstack/query-core/src/notifyManager.ts:24:5)
      at Timeout._onTimeout (node_modules/@tanstack/query-core/src/notifyManager.ts:42:9)

PASS src/components/__tests__/Icon.test.tsx
  ● Console

    console.error
      You seem to have overlapping act() calls, this is not supported. Be sure to await previous act() calls before mak
ing a new one.

      at popActScope (node_modules/react/cjs/react.development.js:556:17)
      at node_modules/react/cjs/react.development.js:844:17

    console.error
      You seem to have overlapping act() calls, this is not supported. Be sure to await previous act() calls before mak
ing a new one.

      at popActScope (node_modules/react/cjs/react.development.js:556:17)
      at node_modules/react/cjs/react.development.js:844:17

    console.error
      You seem to have overlapping act() calls, this is not supported. Be sure to await previous act() calls before mak
ing a new one.

      at popActScope (node_modules/react/cjs/react.development.js:556:17)
      at node_modules/react/cjs/react.development.js:844:17

    console.error
      You seem to have overlapping act() calls, this is not supported. Be sure to await previous act() calls before mak
ing a new one.

      at popActScope (node_modules/react/cjs/react.development.js:556:17)
      at node_modules/react/cjs/react.development.js:844:17

    console.error
      You seem to have overlapping act() calls, this is not supported. Be sure to await previous act() calls before mak
ing a new one.

      at popActScope (node_modules/react/cjs/react.development.js:556:17)
      at node_modules/react/cjs/react.development.js:844:17

    console.error
      You seem to have overlapping act() calls, this is not supported. Be sure to await previous act() calls before mak
ing a new one.

      at popActScope (node_modules/react/cjs/react.development.js:556:17)
      at node_modules/react/cjs/react.development.js:844:17

    console.error
      You seem to have overlapping act() calls, this is not supported. Be sure to await previous act() calls before mak
ing a new one.

      at popActScope (node_modules/react/cjs/react.development.js:556:17)
      at node_modules/react/cjs/react.development.js:844:17

    console.error
      You seem to have overlapping act() calls, this is not supported. Be sure to await previous act() calls before mak
ing a new one.

      at popActScope (node_modules/react/cjs/react.development.js:556:17)
      at node_modules/react/cjs/react.development.js:844:17

    console.error
      You seem to have overlapping act() calls, this is not supported. Be sure to await previous act() calls before mak
ing a new one.

      at popActScope (node_modules/react/cjs/react.development.js:556:17)
      at node_modules/react/cjs/react.development.js:844:17

    console.error
      You seem to have overlapping act() calls, this is not supported. Be sure to await previous act() calls before mak
ing a new one.

      at popActScope (node_modules/react/cjs/react.development.js:556:17)
      at node_modules/react/cjs/react.development.js:844:17

    console.error
      You seem to have overlapping act() calls, this is not supported. Be sure to await previous act() calls before mak
ing a new one.

      at popActScope (node_modules/react/cjs/react.development.js:556:17)
      at node_modules/react/cjs/react.development.js:844:17

    console.error
      You seem to have overlapping act() calls, this is not supported. Be sure to await previous act() calls before mak
ing a new one.

      at popActScope (node_modules/react/cjs/react.development.js:556:17)
      at node_modules/react/cjs/react.development.js:844:17

    console.error
      You seem to have overlapping act() calls, this is not supported. Be sure to await previous act() calls before mak
ing a new one.

      at popActScope (node_modules/react/cjs/react.development.js:556:17)
      at node_modules/react/cjs/react.development.js:844:17

    console.error
      You seem to have overlapping act() calls, this is not supported. Be sure to await previous act() calls before mak
ing a new one.

      at popActScope (node_modules/react/cjs/react.development.js:556:17)
      at node_modules/react/cjs/react.development.js:844:17

    console.error
      You seem to have overlapping act() calls, this is not supported. Be sure to await previous act() calls before mak
ing a new one.

      at popActScope (node_modules/react/cjs/react.development.js:556:17)
      at node_modules/react/cjs/react.development.js:844:17

    console.error
      You seem to have overlapping act() calls, this is not supported. Be sure to await previous act() calls before mak
ing a new one.

      at popActScope (node_modules/react/cjs/react.development.js:556:17)
      at node_modules/react/cjs/react.development.js:844:17

    console.error
      You seem to have overlapping act() calls, this is not supported. Be sure to await previous act() calls before mak
ing a new one.

      at popActScope (node_modules/react/cjs/react.development.js:556:17)
      at node_modules/react/cjs/react.development.js:844:17

    console.error
      You seem to have overlapping act() calls, this is not supported. Be sure to await previous act() calls before mak
ing a new one.

      at popActScope (node_modules/react/cjs/react.development.js:556:17)
      at node_modules/react/cjs/react.development.js:844:17

    console.error
      You seem to have overlapping act() calls, this is not supported. Be sure to await previous act() calls before mak
ing a new one.

      at popActScope (node_modules/react/cjs/react.development.js:556:17)
      at node_modules/react/cjs/react.development.js:844:17

    console.error
      You seem to have overlapping act() calls, this is not supported. Be sure to await previous act() calls before mak
ing a new one.

      at popActScope (node_modules/react/cjs/react.development.js:556:17)
      at node_modules/react/cjs/react.development.js:844:17

    console.error
      You seem to have overlapping act() calls, this is not supported. Be sure to await previous act() calls before mak
ing a new one.

      at popActScope (node_modules/react/cjs/react.development.js:556:17)
      at node_modules/react/cjs/react.development.js:844:17

    console.error
      You seem to have overlapping act() calls, this is not supported. Be sure to await previous act() calls before mak
ing a new one.

      at popActScope (node_modules/react/cjs/react.development.js:556:17)
      at node_modules/react/cjs/react.development.js:844:17

    console.error
      You seem to have overlapping act() calls, this is not supported. Be sure to await previous act() calls before mak
ing a new one.

      at popActScope (node_modules/react/cjs/react.development.js:556:17)
      at node_modules/react/cjs/react.development.js:844:17

    console.error
      You seem to have overlapping act() calls, this is not supported. Be sure to await previous act() calls before mak
ing a new one.

      at popActScope (node_modules/react/cjs/react.development.js:556:17)
      at node_modules/react/cjs/react.development.js:844:17

    console.error
      You seem to have overlapping act() calls, this is not supported. Be sure to await previous act() calls before mak
ing a new one.

      at popActScope (node_modules/react/cjs/react.development.js:556:17)
      at node_modules/react/cjs/react.development.js:844:17

    console.error
      You seem to have overlapping act() calls, this is not supported. Be sure to await previous act() calls before mak
ing a new one.

      at popActScope (node_modules/react/cjs/react.development.js:556:17)
      at node_modules/react/cjs/react.development.js:844:17

    console.error
      You seem to have overlapping act() calls, this is not supported. Be sure to await previous act() calls before mak
ing a new one.

      at popActScope (node_modules/react/cjs/react.development.js:556:17)
      at node_modules/react/cjs/react.development.js:844:17

    console.error
      You seem to have overlapping act() calls, this is not supported. Be sure to await previous act() calls before mak
ing a new one.

      at popActScope (node_modules/react/cjs/react.development.js:556:17)
      at node_modules/react/cjs/react.development.js:844:17

    console.error
      You seem to have overlapping act() calls, this is not supported. Be sure to await previous act() calls before mak
ing a new one.

      at popActScope (node_modules/react/cjs/react.development.js:556:17)
      at node_modules/react/cjs/react.development.js:844:17

    console.error
      You seem to have overlapping act() calls, this is not supported. Be sure to await previous act() calls before mak
ing a new one.

      at popActScope (node_modules/react/cjs/react.development.js:556:17)
      at node_modules/react/cjs/react.development.js:844:17

    console.error
      You seem to have overlapping act() calls, this is not supported. Be sure to await previous act() calls before mak
ing a new one.

      at popActScope (node_modules/react/cjs/react.development.js:556:17)
      at node_modules/react/cjs/react.development.js:844:17

    console.error
      You seem to have overlapping act() calls, this is not supported. Be sure to await previous act() calls before mak
ing a new one.

      at popActScope (node_modules/react/cjs/react.development.js:556:17)
      at node_modules/react/cjs/react.development.js:844:17

    console.error
      You seem to have overlapping act() calls, this is not supported. Be sure to await previous act() calls before mak
ing a new one.

      at popActScope (node_modules/react/cjs/react.development.js:556:17)
      at node_modules/react/cjs/react.development.js:844:17

    console.error
      You seem to have overlapping act() calls, this is not supported. Be sure to await previous act() calls before mak
ing a new one.

      at popActScope (node_modules/react/cjs/react.development.js:556:17)
      at node_modules/react/cjs/react.development.js:844:17

    console.error
      You seem to have overlapping act() calls, this is not supported. Be sure to await previous act() calls before mak
ing a new one.

      at popActScope (node_modules/react/cjs/react.development.js:556:17)
      at node_modules/react/cjs/react.development.js:844:17

    console.error
      You seem to have overlapping act() calls, this is not supported. Be sure to await previous act() calls before mak
ing a new one.

      at popActScope (node_modules/react/cjs/react.development.js:556:17)
      at node_modules/react/cjs/react.development.js:844:17

    console.error
      You seem to have overlapping act() calls, this is not supported. Be sure to await previous act() calls before mak
ing a new one.

      at popActScope (node_modules/react/cjs/react.development.js:556:17)
      at node_modules/react/cjs/react.development.js:844:17

    console.error
      You seem to have overlapping act() calls, this is not supported. Be sure to await previous act() calls before mak
ing a new one.

      at popActScope (node_modules/react/cjs/react.development.js:556:17)
      at node_modules/react/cjs/react.development.js:844:17

    console.error
      You seem to have overlapping act() calls, this is not supported. Be sure to await previous act() calls before mak
ing a new one.

      at popActScope (node_modules/react/cjs/react.development.js:556:17)
      at node_modules/react/cjs/react.development.js:844:17

    console.error
      You seem to have overlapping act() calls, this is not supported. Be sure to await previous act() calls before mak
ing a new one.

      at popActScope (node_modules/react/cjs/react.development.js:556:17)
      at node_modules/react/cjs/react.development.js:844:17

    console.error
      You seem to have overlapping act() calls, this is not supported. Be sure to await previous act() calls before mak
ing a new one.

      at popActScope (node_modules/react/cjs/react.development.js:556:17)
      at node_modules/react/cjs/react.development.js:844:17

    console.error
      You seem to have overlapping act() calls, this is not supported. Be sure to await previous act() calls before mak
ing a new one.

      at popActScope (node_modules/react/cjs/react.development.js:556:17)
      at node_modules/react/cjs/react.development.js:844:17

    console.error
      You seem to have overlapping act() calls, this is not supported. Be sure to await previous act() calls before mak
ing a new one.

      at popActScope (node_modules/react/cjs/react.development.js:556:17)
      at node_modules/react/cjs/react.development.js:844:17

    console.error
      You seem to have overlapping act() calls, this is not supported. Be sure to await previous act() calls before mak
ing a new one.

      at popActScope (node_modules/react/cjs/react.development.js:556:17)
      at node_modules/react/cjs/react.development.js:844:17

    console.error
      You seem to have overlapping act() calls, this is not supported. Be sure to await previous act() calls before mak
ing a new one.

      at popActScope (node_modules/react/cjs/react.development.js:556:17)
      at node_modules/react/cjs/react.development.js:844:17

    console.error
      You seem to have overlapping act() calls, this is not supported. Be sure to await previous act() calls before mak
ing a new one.

      at popActScope (node_modules/react/cjs/react.development.js:556:17)
      at node_modules/react/cjs/react.development.js:844:17

    console.error
      You seem to have overlapping act() calls, this is not supported. Be sure to await previous act() calls before mak
ing a new one.

      at popActScope (node_modules/react/cjs/react.development.js:556:17)
      at node_modules/react/cjs/react.development.js:844:17

    console.error
      You seem to have overlapping act() calls, this is not supported. Be sure to await previous act() calls before mak
ing a new one.

      at popActScope (node_modules/react/cjs/react.development.js:556:17)
      at node_modules/react/cjs/react.development.js:844:17

    console.error
      You seem to have overlapping act() calls, this is not supported. Be sure to await previous act() calls before mak
ing a new one.

      at popActScope (node_modules/react/cjs/react.development.js:556:17)
      at node_modules/react/cjs/react.development.js:844:17

    console.error
      You seem to have overlapping act() calls, this is not supported. Be sure to await previous act() calls before mak
ing a new one.

      at popActScope (node_modules/react/cjs/react.development.js:556:17)
      at node_modules/react/cjs/react.development.js:844:17

    console.error
      You seem to have overlapping act() calls, this is not supported. Be sure to await previous act() calls before mak
ing a new one.

      at popActScope (node_modules/react/cjs/react.development.js:556:17)
      at node_modules/react/cjs/react.development.js:844:17

    console.error
      You seem to have overlapping act() calls, this is not supported. Be sure to await previous act() calls before mak
ing a new one.

      at popActScope (node_modules/react/cjs/react.development.js:556:17)
      at node_modules/react/cjs/react.development.js:844:17

    console.error
      You seem to have overlapping act() calls, this is not supported. Be sure to await previous act() calls before mak
ing a new one.

      at popActScope (node_modules/react/cjs/react.development.js:556:17)
      at node_modules/react/cjs/react.development.js:844:17

    console.error
      You seem to have overlapping act() calls, this is not supported. Be sure to await previous act() calls before mak
ing a new one.

      at popActScope (node_modules/react/cjs/react.development.js:556:17)
      at node_modules/react/cjs/react.development.js:844:17

    console.error
      You seem to have overlapping act() calls, this is not supported. Be sure to await previous act() calls before mak
ing a new one.

      at popActScope (node_modules/react/cjs/react.development.js:556:17)
      at node_modules/react/cjs/react.development.js:844:17

    console.error
      You seem to have overlapping act() calls, this is not supported. Be sure to await previous act() calls before mak
ing a new one.

      at popActScope (node_modules/react/cjs/react.development.js:556:17)
      at node_modules/react/cjs/react.development.js:844:17

    console.error
      You seem to have overlapping act() calls, this is not supported. Be sure to await previous act() calls before mak
ing a new one.

      at popActScope (node_modules/react/cjs/react.development.js:556:17)
      at node_modules/react/cjs/react.development.js:844:17

    console.error
      You seem to have overlapping act() calls, this is not supported. Be sure to await previous act() calls before mak
ing a new one.

      at popActScope (node_modules/react/cjs/react.development.js:556:17)
      at node_modules/react/cjs/react.development.js:844:17

    console.error
      You seem to have overlapping act() calls, this is not supported. Be sure to await previous act() calls before mak
ing a new one.

      at popActScope (node_modules/react/cjs/react.development.js:556:17)
      at node_modules/react/cjs/react.development.js:844:17

    console.error
      You seem to have overlapping act() calls, this is not supported. Be sure to await previous act() calls before mak
ing a new one.

      at popActScope (node_modules/react/cjs/react.development.js:556:17)
      at node_modules/react/cjs/react.development.js:844:17

    console.error
      You seem to have overlapping act() calls, this is not supported. Be sure to await previous act() calls before mak
ing a new one.

      at popActScope (node_modules/react/cjs/react.development.js:556:17)
      at node_modules/react/cjs/react.development.js:844:17

    console.error
      You seem to have overlapping act() calls, this is not supported. Be sure to await previous act() calls before mak
ing a new one.

      at popActScope (node_modules/react/cjs/react.development.js:556:17)
      at node_modules/react/cjs/react.development.js:844:17

    console.error
      You seem to have overlapping act() calls, this is not supported. Be sure to await previous act() calls before mak
ing a new one.

      at popActScope (node_modules/react/cjs/react.development.js:556:17)
      at node_modules/react/cjs/react.development.js:844:17

    console.error
      You seem to have overlapping act() calls, this is not supported. Be sure to await previous act() calls before mak
ing a new one.

      at popActScope (node_modules/react/cjs/react.development.js:556:17)
      at node_modules/react/cjs/react.development.js:844:17

    console.error
      You seem to have overlapping act() calls, this is not supported. Be sure to await previous act() calls before mak
ing a new one.

      at popActScope (node_modules/react/cjs/react.development.js:556:17)
      at node_modules/react/cjs/react.development.js:844:17

    console.error
      You seem to have overlapping act() calls, this is not supported. Be sure to await previous act() calls before mak
ing a new one.

      at popActScope (node_modules/react/cjs/react.development.js:556:17)
      at node_modules/react/cjs/react.development.js:844:17

    console.error
      You seem to have overlapping act() calls, this is not supported. Be sure to await previous act() calls before mak
ing a new one.

      at popActScope (node_modules/react/cjs/react.development.js:556:17)
      at node_modules/react/cjs/react.development.js:844:17

    console.error
      You seem to have overlapping act() calls, this is not supported. Be sure to await previous act() calls before mak
ing a new one.

      at popActScope (node_modules/react/cjs/react.development.js:556:17)
      at node_modules/react/cjs/react.development.js:844:17

    console.error
      You seem to have overlapping act() calls, this is not supported. Be sure to await previous act() calls before mak
ing a new one.

      at popActScope (node_modules/react/cjs/react.development.js:556:17)
      at node_modules/react/cjs/react.development.js:844:17

    console.error
      You seem to have overlapping act() calls, this is not supported. Be sure to await previous act() calls before mak
ing a new one.

      at popActScope (node_modules/react/cjs/react.development.js:556:17)
      at node_modules/react/cjs/react.development.js:844:17

    console.error
      You seem to have overlapping act() calls, this is not supported. Be sure to await previous act() calls before mak
ing a new one.

      at popActScope (node_modules/react/cjs/react.development.js:556:17)
      at node_modules/react/cjs/react.development.js:844:17

    console.error
      You seem to have overlapping act() calls, this is not supported. Be sure to await previous act() calls before mak
ing a new one.

      at popActScope (node_modules/react/cjs/react.development.js:556:17)
      at node_modules/react/cjs/react.development.js:844:17

    console.error
      You seem to have overlapping act() calls, this is not supported. Be sure to await previous act() calls before mak
ing a new one.

      at popActScope (node_modules/react/cjs/react.development.js:556:17)
      at node_modules/react/cjs/react.development.js:844:17

    console.error
      You seem to have overlapping act() calls, this is not supported. Be sure to await previous act() calls before mak
ing a new one.

      at popActScope (node_modules/react/cjs/react.development.js:556:17)
      at node_modules/react/cjs/react.development.js:844:17

    console.error
      You seem to have overlapping act() calls, this is not supported. Be sure to await previous act() calls before mak
ing a new one.

      at popActScope (node_modules/react/cjs/react.development.js:556:17)
      at node_modules/react/cjs/react.development.js:844:17

    console.error
      You seem to have overlapping act() calls, this is not supported. Be sure to await previous act() calls before mak
ing a new one.

      at popActScope (node_modules/react/cjs/react.development.js:556:17)
      at node_modules/react/cjs/react.development.js:844:17

    console.error
      You seem to have overlapping act() calls, this is not supported. Be sure to await previous act() calls before mak
ing a new one.

      at popActScope (node_modules/react/cjs/react.development.js:556:17)
      at node_modules/react/cjs/react.development.js:844:17

    console.error
      You seem to have overlapping act() calls, this is not supported. Be sure to await previous act() calls before mak
ing a new one.

      at popActScope (node_modules/react/cjs/react.development.js:556:17)
      at node_modules/react/cjs/react.development.js:844:17

    console.error
      You seem to have overlapping act() calls, this is not supported. Be sure to await previous act() calls before mak
ing a new one.

      at popActScope (node_modules/react/cjs/react.development.js:556:17)
      at node_modules/react/cjs/react.development.js:844:17

    console.error
      You seem to have overlapping act() calls, this is not supported. Be sure to await previous act() calls before mak
ing a new one.

      at popActScope (node_modules/react/cjs/react.development.js:556:17)
      at node_modules/react/cjs/react.development.js:844:17

    console.error
      You seem to have overlapping act() calls, this is not supported. Be sure to await previous act() calls before mak
ing a new one.

      at popActScope (node_modules/react/cjs/react.development.js:556:17)
      at node_modules/react/cjs/react.development.js:844:17

    console.error
      You seem to have overlapping act() calls, this is not supported. Be sure to await previous act() calls before mak
ing a new one.

      at popActScope (node_modules/react/cjs/react.development.js:556:17)
      at node_modules/react/cjs/react.development.js:844:17

    console.error
      You seem to have overlapping act() calls, this is not supported. Be sure to await previous act() calls before mak
ing a new one.

      at popActScope (node_modules/react/cjs/react.development.js:556:17)
      at node_modules/react/cjs/react.development.js:844:17

    console.error
      You seem to have overlapping act() calls, this is not supported. Be sure to await previous act() calls before mak
ing a new one.

      at popActScope (node_modules/react/cjs/react.development.js:556:17)
      at node_modules/react/cjs/react.development.js:844:17

    console.error
      You seem to have overlapping act() calls, this is not supported. Be sure to await previous act() calls before mak
ing a new one.

      at popActScope (node_modules/react/cjs/react.development.js:556:17)
      at node_modules/react/cjs/react.development.js:844:17

    console.error
      You seem to have overlapping act() calls, this is not supported. Be sure to await previous act() calls before mak
ing a new one.

      at popActScope (node_modules/react/cjs/react.development.js:556:17)
      at node_modules/react/cjs/react.development.js:844:17

    console.error
      You seem to have overlapping act() calls, this is not supported. Be sure to await previous act() calls before mak
ing a new one.

      at popActScope (node_modules/react/cjs/react.development.js:556:17)
      at node_modules/react/cjs/react.development.js:844:17

    console.error
      You seem to have overlapping act() calls, this is not supported. Be sure to await previous act() calls before mak
ing a new one.

      at popActScope (node_modules/react/cjs/react.development.js:556:17)
      at node_modules/react/cjs/react.development.js:844:17

    console.error
      You seem to have overlapping act() calls, this is not supported. Be sure to await previous act() calls before mak
ing a new one.

      at popActScope (node_modules/react/cjs/react.development.js:556:17)
      at node_modules/react/cjs/react.development.js:844:17

    console.error
      You seem to have overlapping act() calls, this is not supported. Be sure to await previous act() calls before mak
ing a new one.

      at popActScope (node_modules/react/cjs/react.development.js:556:17)
      at node_modules/react/cjs/react.development.js:844:17

    console.error
      You seem to have overlapping act() calls, this is not supported. Be sure to await previous act() calls before mak
ing a new one.

      at popActScope (node_modules/react/cjs/react.development.js:556:17)
      at node_modules/react/cjs/react.development.js:844:17

    console.error
      You seem to have overlapping act() calls, this is not supported. Be sure to await previous act() calls before mak
ing a new one.

      at popActScope (node_modules/react/cjs/react.development.js:556:17)
      at node_modules/react/cjs/react.development.js:844:17

PASS src/components/__tests__/ConfirmHost.test.tsx
PASS src/components/__tests__/PickerModal.test.tsx
PASS src/features/timesheet/api/__tests__/mutations.test.ts
PASS src/api/__tests__/client.test.ts
PASS src/services/__tests__/pushRegistration.test.ts
  ● Console

    console.warn
      [push] register: Request failed with status code 403

      36 | function pushWarn(step: string, err?: unknown): void {
      37 |   lastPushError = `${step}: ${err instanceof Error ? err.message : String(err ?? '')}`;
    > 38 |   console.warn(`[push] ${lastPushError}`);
         |           ^
      39 | }
      40 |
      41 | /** Diagnostics: the last push setup failure, or null if the last run was clean. */

      at warn (src/services/notifications.ts:38:11)
      at pushWarn (src/services/notifications.ts:133:5)
          at Generator.throw (<anonymous>)
      at asyncGeneratorStep (node_modules/@babel/runtime/helpers/asyncToGenerator.js:3:17)
      at _throw (node_modules/@babel/runtime/helpers/asyncToGenerator.js:20:9)

    console.warn
      [push] unregister: Network Error

      36 | function pushWarn(step: string, err?: unknown): void {
      37 |   lastPushError = `${step}: ${err instanceof Error ? err.message : String(err ?? '')}`;
    > 38 |   console.warn(`[push] ${lastPushError}`);
         |           ^
      39 | }
      40 |
      41 | /** Diagnostics: the last push setup failure, or null if the last run was clean. */

      at warn (src/services/notifications.ts:38:11)
      at pushWarn (src/services/notifications.ts:146:5)
          at Generator.throw (<anonymous>)
      at asyncGeneratorStep (node_modules/@babel/runtime/helpers/asyncToGenerator.js:3:17)
      at _throw (node_modules/@babel/runtime/helpers/asyncToGenerator.js:20:9)

PASS src/features/orders/api/__tests__/queries.test.ts
PASS src/features/leaves/api/__tests__/queries.test.ts
PASS src/features/letters/api/__tests__/mutations.test.ts
PASS src/features/timesheet/api/__tests__/queries.test.ts
PASS src/utils/__tests__/roles.test.ts
PASS src/features/directory/api/__tests__/queries.test.ts
PASS src/features/notifications/api/__tests__/queries.test.ts
PASS src/features/projects/api/__tests__/queries.test.ts
PASS src/features/timesheet/__tests__/holidays.test.ts
PASS src/features/chairmanTasks/api/__tests__/mutations.test.ts
PASS src/api/__tests__/errors.test.ts
PASS src/features/kpi/api/__tests__/mutations.test.ts
PASS src/features/kpi/api/__tests__/queries.test.ts
PASS src/utils/__tests__/employees.test.ts
PASS src/features/employees/api/__tests__/queries.test.ts
PASS src/components/__tests__/Screen.test.tsx
PASS src/features/news/api/__tests__/mutations.test.ts
PASS src/features/notifications/api/__tests__/mutations.test.ts
PASS src/utils/__tests__/paginationConcurrency.test.ts
PASS src/features/dashboard/api/__tests__/queries.test.ts
PASS src/features/letters/api/__tests__/queries.test.ts
PASS src/features/assistant/__tests__/stream.test.ts
PASS src/utils/__tests__/attendancePagination.test.ts
PASS src/features/projects/api/__tests__/mutations.test.ts
PASS src/features/support/api/__tests__/mutations.test.ts
PASS src/utils/__tests__/letterStatus.test.ts
PASS src/auth/__tests__/biometrics.test.ts
PASS src/features/visitors/api/__tests__/queries.test.ts
PASS src/features/orders/api/__tests__/mutations.test.ts
PASS src/auth/__tests__/oneid.test.ts
PASS src/features/documents/api/__tests__/queries.test.ts
PASS src/features/visitors/api/__tests__/mutations.test.ts
PASS src/features/attendance/api/__tests__/queries.test.ts
PASS src/services/__tests__/otaUpdates.test.ts
PASS src/lib/__tests__/queryClient.test.ts
PASS src/components/__tests__/SplitLayout.test.tsx
PASS src/components/__tests__/EmployeeAvatar.test.tsx
PASS src/store/__tests__/lockStore.test.ts
PASS src/features/birthdays/api/__tests__/queries.test.ts
PASS src/features/news/api/__tests__/queries.test.ts
PASS src/features/leaves/__tests__/utils.test.ts
PASS src/features/documents/__tests__/utils.test.ts
PASS src/services/__tests__/appUpdates.test.ts
PASS src/i18n/__tests__/catalogs.test.ts
PASS src/utils/__tests__/navItems.test.ts
PASS src/utils/__tests__/orderStatus.test.ts
PASS src/utils/__tests__/attendance.test.ts
PASS src/utils/__tests__/supportStatus.test.ts
PASS src/utils/__tests__/statusI18n.test.ts
PASS src/features/timesheet/__tests__/scheduleMap.test.ts
PASS src/utils/__tests__/responsive.test.ts
PASS src/lib/__tests__/confirm.test.ts
PASS src/features/timesheet/__tests__/utils.test.ts
PASS src/features/timesheet/__tests__/duty.test.ts
PASS src/features/attendance/__tests__/roster.test.ts
PASS src/features/timesheet/__tests__/dayDetail.test.ts
PASS src/lib/__tests__/toast.test.ts
PASS src/auth/__tests__/lockPolicy.test.ts
PASS src/utils/__tests__/otaGate.test.ts
PASS src/features/kpi/__tests__/utils.test.ts
PASS src/auth/__tests__/pin.test.ts
PASS src/utils/__tests__/concurrency.test.ts
PASS src/features/projects/__tests__/cardStatus.test.ts
PASS src/api/__tests__/response.test.ts
PASS src/utils/__tests__/otaVersion.test.ts
PASS src/utils/__tests__/tripRegions.test.ts
PASS src/i18n/__tests__/locales.test.ts
PASS src/utils/__tests__/tripStatus.test.ts
PASS src/features/letters/screens/__tests__/letterCreatePayload.test.ts
PASS src/utils/__tests__/branch.test.ts
PASS src/config/__tests__/env.test.ts
PASS src/api/__tests__/authToken.test.ts
A worker process has failed to exit gracefully and has been force exited. This is likely caused by tests leaking due to
 improper teardown. Try running with --detectOpenHandles to find leaks. Active timers can also cause this, ensure that 
.unref() was called on them.

Test Suites: 103 passed, 103 total
Tests:       1296 passed, 1296 total
Snapshots:   0 total
Time:        19.431 s
Ran all test suites.
